Component: ARM Compiler 5.06 update 7 (build 960) Tool: armlink [4d3601]

==============================================================================

Section Cross References

    main_1.o(i.TIM3_IRQHandler) refers to _printf_pad.o(.text) for _printf_pre_padding
    main_1.o(i.TIM3_IRQHandler) refers to _printf_percent.o(.ARM.Collect$$_printf_percent$$00000000) for _printf_percent
    main_1.o(i.TIM3_IRQHandler) refers to _printf_d.o(.ARM.Collect$$_printf_percent$$00000009) for _printf_d
    main_1.o(i.TIM3_IRQHandler) refers to _printf_dec.o(.text) for _printf_int_dec
    main_1.o(i.TIM3_IRQHandler) refers to stm32f10x_tim.o(i.TIM_GetITStatus) for TIM_GetITStatus
    main_1.o(i.TIM3_IRQHandler) refers to noretval__2printf.o(.text) for __2printf
    main_1.o(i.TIM3_IRQHandler) refers to stm32f10x_tim.o(i.TIM_ClearITPendingBit) for TIM_ClearITPendingBit
    main_1.o(i.TIM3_IRQHandler) refers to main_1.o(.data) for state_flag
    main_1.o(i.main) refers to delay.o(i.delay_init) for delay_init
    main_1.o(i.main) refers to bh1750.o(i.Init_BH1750) for Init_BH1750
    main_1.o(i.main) refers to bh1750.o(i.Start_BH1750) for Start_BH1750
    main_1.o(i.main) refers to dht11.o(i.DHT11_Init) for DHT11_Init
    main_1.o(i.main) refers to lcd.o(i.LCD_Init) for LCD_Init
    main_1.o(i.main) refers to lcd.o(i.LCD_Clear) for LCD_Clear
    main_1.o(i.main) refers to gpio.o(i.GPIO_INIT) for GPIO_INIT
    main_1.o(i.main) refers to tim.o(i.tim2_init) for tim2_init
    main_1.o(i.main) refers to tim.o(i.tim5_init) for tim5_init
    main_1.o(i.main) refers to tim.o(i.tim3_init) for tim3_init
    main_1.o(i.main) refers to usart.o(i.uart_init) for uart_init
    main_1.o(i.main) refers to lcd.o(i.LCD_ShowString) for LCD_ShowString
    main_1.o(i.main) refers to function.o(i.Airer_Reset) for Airer_Reset
    main_1.o(i.main) refers to function.o(i.environment) for environment
    main_1.o(i.main) refers to function.o(i.Shrink) for Shrink
    main_1.o(i.main) refers to function.o(i.ReachOut) for ReachOut
    main_1.o(i.main) refers to function.o(i.KEY_Scan) for KEY_Scan
    main_1.o(i.main) refers to lcd.o(.data) for POINT_COLOR
    main_1.o(i.main) refers to main_1.o(.data) for automatic_mode
    main_1.o(i.main) refers to usart.o(.data) for USART_RX_STA
    main_1.o(i.main) refers to usart.o(.bss) for USART_RX_BUF
    function.o(i.Airer_Reset) refers to stm32f10x_gpio.o(i.GPIO_ResetBits) for GPIO_ResetBits
    function.o(i.Airer_Reset) refers to stm32f10x_gpio.o(i.GPIO_ReadInputDataBit) for GPIO_ReadInputDataBit
    function.o(i.Airer_Reset) refers to main_1.o(.data) for airer_state
    function.o(i.KEY_Scan) refers to stm32f10x_gpio.o(i.GPIO_ReadInputDataBit) for GPIO_ReadInputDataBit
    function.o(i.KEY_Scan) refers to delay.o(i.delay_ms) for delay_ms
    function.o(i.KEY_Scan) refers to function.o(.data) for key_up
    function.o(i.ReachOut) refers to stm32f10x_gpio.o(i.GPIO_SetBits) for GPIO_SetBits
    function.o(i.ReachOut) refers to delay.o(i.delay_ms) for delay_ms
    function.o(i.ReachOut) refers to function.o(.data) for i
    function.o(i.ReachOut) refers to main_1.o(.data) for airer_state
    function.o(i.Shrink) refers to stm32f10x_gpio.o(i.GPIO_ResetBits) for GPIO_ResetBits
    function.o(i.Shrink) refers to stm32f10x_gpio.o(i.GPIO_ReadInputDataBit) for GPIO_ReadInputDataBit
    function.o(i.Shrink) refers to main_1.o(.data) for airer_state
    function.o(i.environment) refers to _printf_pad.o(.text) for _printf_pre_padding
    function.o(i.environment) refers to _printf_percent.o(.ARM.Collect$$_printf_percent$$00000000) for _printf_percent
    function.o(i.environment) refers to _printf_f.o(.ARM.Collect$$_printf_percent$$00000003) for _printf_f
    function.o(i.environment) refers to printf1.o(x$fpl$printf1) for _printf_fp_dec
    function.o(i.environment) refers to _printf_d.o(.ARM.Collect$$_printf_percent$$00000009) for _printf_d
    function.o(i.environment) refers to _printf_dec.o(.text) for _printf_int_dec
    function.o(i.environment) refers to stm32f10x_gpio.o(i.GPIO_ReadInputDataBit) for GPIO_ReadInputDataBit
    function.o(i.environment) refers to lcd.o(i.LCD_ShowString) for LCD_ShowString
    function.o(i.environment) refers to bh1750.o(i.Read_BH1750) for Read_BH1750
    function.o(i.environment) refers to delay.o(i.delay_ms) for delay_ms
    function.o(i.environment) refers to bh1750.o(i.Convert_BH1750) for Convert_BH1750
    function.o(i.environment) refers to fleqf.o(x$fpl$fleqf) for __aeabi_cfcmple
    function.o(i.environment) refers to frleqf.o(x$fpl$frleqf) for __aeabi_cfrcmple
    function.o(i.environment) refers to f2d.o(x$fpl$f2d) for __aeabi_f2d
    function.o(i.environment) refers to noretval__2sprintf.o(.text) for __2sprintf
    function.o(i.environment) refers to dht11.o(i.DHT11_Read_Data) for DHT11_Read_Data
    function.o(i.environment) refers to main_1.o(.data) for rain
    function.o(i.environment) refers to function.o(.data) for rain_storage
[...]
    ../fplib/fretinf.s                       0x00000000   Number         0  fretinf.o ABSOLUTE
    ../fplib/frleqf.s                        0x00000000   Number         0  frleqf.o ABSOLUTE
    ../fplib/istatus.s                       0x00000000   Number         0  istatus.o ABSOLUTE
    ../fplib/printf1.s                       0x00000000   Number         0  printf1.o ABSOLUTE
    ../fplib/usenofp.s                       0x00000000   Number         0  usenofp.o ABSOLUTE
    ../mathlib/fpclassify.c                  0x00000000   Number         0  fpclassify.o ABSOLUTE
    G:\Program Files\Keil_v5\AppData\Packs\Keil\STM32F1xx_DFP\2.3.0\Device\StdPeriph_Driver\src\misc.c 0x00000000   Number         0  misc.o ABSOLUTE
    G:\Program Files\Keil_v5\AppData\Packs\Keil\STM32F1xx_DFP\2.3.0\Device\StdPeriph_Driver\src\stm32f10x_exti.c 0x00000000   Number         0  stm32f10x_exti.o ABSOLUTE
    G:\Program Files\Keil_v5\AppData\Packs\Keil\STM32F1xx_DFP\2.3.0\Device\StdPeriph_Driver\src\stm32f10x_fsmc.c 0x00000000   Number         0  stm32f10x_fsmc.o ABSOLUTE
    G:\Program Files\Keil_v5\AppData\Packs\Keil\STM32F1xx_DFP\2.3.0\Device\StdPeriph_Driver\src\stm32f10x_gpio.c 0x00000000   Number         0  stm32f10x_gpio.o ABSOLUTE
    G:\Program Files\Keil_v5\AppData\Packs\Keil\STM32F1xx_DFP\2.3.0\Device\StdPeriph_Driver\src\stm32f10x_rcc.c 0x00000000   Number         0  stm32f10x_rcc.o ABSOLUTE
    G:\Program Files\Keil_v5\AppData\Packs\Keil\STM32F1xx_DFP\2.3.0\Device\StdPeriph_Driver\src\stm32f10x_tim.c 0x00000000   Number         0  stm32f10x_tim.o ABSOLUTE
    G:\Program Files\Keil_v5\AppData\Packs\Keil\STM32F1xx_DFP\2.3.0\Device\StdPeriph_Driver\src\stm32f10x_usart.c 0x00000000   Number         0  stm32f10x_usart.o ABSOLUTE
    G:\\Program Files\\Keil_v5\\AppData\\Packs\\Keil\\STM32F1xx_DFP\\2.3.0\\Device\\StdPeriph_Driver\\src\\misc.c 0x00000000   Number         0  misc.o ABSOLUTE
    G:\\Program Files\\Keil_v5\\AppData\\Packs\\Keil\\STM32F1xx_DFP\\2.3.0\\Device\\StdPeriph_Driver\\src\\stm32f10x_exti.c 0x00000000   Number         0  stm32f10x_exti.o ABSOLUTE
    G:\\Program Files\\Keil_v5\\AppData\\Packs\\Keil\\STM32F1xx_DFP\\2.3.0\\Device\\StdPeriph_Driver\\src\\stm32f10x_fsmc.c 0x00000000   Number         0  stm32f10x_fsmc.o ABSOLUTE
    G:\\Program Files\\Keil_v5\\AppData\\Packs\\Keil\\STM32F1xx_DFP\\2.3.0\\Device\\StdPeriph_Driver\\src\\stm32f10x_gpio.c 0x00000000   Number         0  stm32f10x_gpio.o ABSOLUTE
    G:\\Program Files\\Keil_v5\\AppData\\Packs\\Keil\\STM32F1xx_DFP\\2.3.0\\Device\\StdPeriph_Driver\\src\\stm32f10x_rcc.c 0x00000000   Number         0  stm32f10x_rcc.o ABSOLUTE
    G:\\Program Files\\Keil_v5\\AppData\\Packs\\Keil\\STM32F1xx_DFP\\2.3.0\\Device\\StdPeriph_Driver\\src\\stm32f10x_tim.c 0x00000000   Number         0  stm32f10x_tim.o ABSOLUTE
    G:\\Program Files\\Keil_v5\\AppData\\Packs\\Keil\\STM32F1xx_DFP\\2.3.0\\Device\\StdPeriph_Driver\\src\\stm32f10x_usart.c 0x00000000   Number         0  stm32f10x_usart.o ABSOLUTE
    RTE\Device\STM32F103ZE\startup_stm32f10x_hd.s 0x00000000   Number         0  startup_stm32f10x_hd.o ABSOLUTE
    RTE\Device\STM32F103ZE\system_stm32f10x.c 0x00000000   Number         0  system_stm32f10x.o ABSOLUTE
    RTE\\Device\\STM32F103ZE\\system_stm32f10x.c 0x00000000   Number         0  system_stm32f10x.o ABSOLUTE
    USER\\bh1750.c                           0x00000000   Number         0  bh1750.o ABSOLUTE
    USER\\delay.c                            0x00000000   Number         0  delay.o ABSOLUTE
    USER\\dht11.c                            0x00000000   Number         0  dht11.o ABSOLUTE
    USER\\function.c                         0x00000000   Number         0  function.o ABSOLUTE
    USER\\gpio.c                             0x00000000   Number         0  gpio.o ABSOLUTE
    USER\\i2c.c                              0x00000000   Number         0  i2c.o ABSOLUTE
    USER\\lcd.c                              0x00000000   Number         0  lcd.o ABSOLUTE
    USER\\main.c                             0x00000000   Number         0  main_1.o ABSOLUTE
    USER\\tim.c                              0x00000000   Number         0  tim.o ABSOLUTE
    USER\\usart.c                            0x00000000   Number         0  usart.o ABSOLUTE
    USER\bh1750.c                            0x00000000   Number         0  bh1750.o ABSOLUTE
    USER\delay.c                             0x00000000   Number         0  delay.o ABSOLUTE
    USER\dht11.c                             0x00000000   Number         0  dht11.o ABSOLUTE
    USER\function.c                          0x00000000   Number         0  function.o ABSOLUTE
    USER\gpio.c                              0x00000000   Number         0  gpio.o ABSOLUTE
    USER\i2c.c                               0x00000000   Number         0  i2c.o ABSOLUTE
    USER\lcd.c                               0x00000000   Number         0  lcd.o ABSOLUTE
    USER\main.c                              0x00000000   Number         0  main_1.o ABSOLUTE
    USER\tim.c                               0x00000000   Number         0  tim.o ABSOLUTE
    USER\usart.c                             0x00000000   Number         0  usart.o ABSOLUTE
    dc.s                                     0x00000000   Number         0  dc.o ABSOLUTE
    RESET                                    0x08000000   Section      304  startup_stm32f10x_hd.o(RESET)
    !!!main                                  0x08000130   Section        8  __main.o(!!!main)
    !!!scatter                               0x08000138   Section       52  __scatter.o(!!!scatter)
    !!handler_copy                           0x0800016c   Section       26  __scatter_copy.o(!!handler_copy)
    !!handler_zi                             0x08000188   Section       28  __scatter_zi.o(!!handler_zi)
    .ARM.Collect$$_printf_percent$$00000000  0x080001a4   Section        0  _printf_percent.o(.ARM.Collect$$_printf_percent$$00000000)
    .ARM.Collect$$_printf_percent$$00000003  0x080001a4   Section        6  _printf_f.o(.ARM.Collect$$_printf_percent$$00000003)
    .ARM.Collect$$_printf_percent$$00000009  0x080001aa   Section        6  _printf_d.o(.ARM.Collect$$_printf_percent$$00000009)
    .ARM.Collect$$_printf_percent$$00000017  0x080001b0   Section        4  _printf_percent_end.o(.ARM.Collect$$_printf_percent$$00000017)
    .ARM.Collect$$libinit$$00000000          0x080001b4   Section        2  libinit.o(.ARM.Collect$$libinit$$00000000)
    .ARM.Collect$$libinit$$00000002          0x080001b6   Section        0  libinit2.o(.ARM.Collect$$libinit$$00000002)
    .ARM.Collect$$libinit$$00000004          0x080001b6   Section        0  libinit2.o(.ARM.Collect$$libinit$$00000004)
    .ARM.Collect$$libinit$$0000000A          0x080001b6   Section        0  libinit2.o(.ARM.Collect$$libinit$$0000000A)
    .ARM.Collect$$libinit$$0000000C          0x080001b6   Section        0  libinit2.o(.ARM.Collect$$libinit$$0000000C)
    .ARM.Collect$$libinit$$0000000E          0x080001b6   Section        0  libinit2.o(.ARM.Collect$$libinit$$0000000E)
    .ARM.Collect$$libinit$$0000000F          0x080001b6   Section        6  libinit2.o(.ARM.Collect$$libinit$$0000000F)
    .ARM.Collect$$libinit$$00000011          0x080001bc   Section        0  libinit2.o(.ARM.Collect$$libinit$$00000011)
    .ARM.Collect$$libinit$$00000013          0x080001bc   Section        0  libinit2.o(.ARM.Collect$$libinit$$00000013)
    .ARM.Collect$$libinit$$00000015          0x080001bc   Section        0  libinit2.o(.ARM.Collect$$libinit$$00000015)
    .ARM.Collect$$libinit$$00000016          0x080001bc   Section       10  libinit2.o(.ARM.Collect$$libinit$$00000016)
    .ARM.Collect$$libinit$$00000017          0x080001c6   Section        0  libinit2.o(.ARM.Collect$$libinit$$00000017)
    .ARM.Collect$$libinit$$00000019          0x080001c6   Section        0  libinit2.o(.ARM.Collect$$libinit$$00000019)
    .ARM.Collect$$libinit$$0000001B          0x080001c6   Section        0  libinit2.o(.ARM.Collect$$libinit$$0000001B)
    .ARM.Collect$$libinit$$0000001D          0x080001c6   Section        0  libinit2.o(.ARM.Collect$$libinit$$0000001D)
    .ARM.Collect$$libinit$$0000001F          0x080001c6   Section        0  libinit2.o(.ARM.Collect$$libinit$$0000001F)
    .ARM.Collect$$libinit$$00000021          0x080001c6   Section        0  libinit2.o(.ARM.Collect$$libinit$$00000021)
    .ARM.Collect$$libinit$$00000023          0x080001c6   Section        0  libinit2.o(.ARM.Collect$$libinit$$00000023)
    .ARM.Collect$$libinit$$00000025          0x080001c6   Section        0  libinit2.o(.ARM.Collect$$libinit$$00000025)
    .ARM.Collect$$libinit$$0000002C          0x080001c6   Section        0  libinit2.o(.ARM.Collect$$libinit$$0000002C)
    .ARM.Collect$$libinit$$0000002E          0x080001c6   Section        0  libinit2.o(.ARM.Collect$$libinit$$0000002E)
    .ARM.Collect$$libinit$$00000030          0x080001c6   Section        0  libinit2.o(.ARM.Collect$$libinit$$00000030)
    .ARM.Collect$$libinit$$00000032          0x080001c6   Section        0  libinit2.o(.ARM.Collect$$libinit$$00000032)
    .ARM.Collect$$libinit$$00000033          0x080001c6   Section        2  libinit2.o(.ARM.Collect$$libinit$$00000033)
    .ARM.Collect$$libshutdown$$00000000      0x080001c8   Section        2  libshutdown.o(.ARM.Collect$$libshutdown$$00000000)
    .ARM.Collect$$libshutdown$$00000002      0x080001ca   Section        0  libshutdown2.o(.ARM.Collect$$libshutdown$$00000002)
    .ARM.Collect$$libshutdown$$00000004      0x080001ca   Section        0  libshutdown2.o(.ARM.Collect$$libshutdown$$00000004)
    .ARM.Collect$$libshutdown$$00000006      0x080001ca   Section        0  libshutdown2.o(.ARM.Collect$$libshutdown$$00000006)
    .ARM.Collect$$libshutdown$$00000009      0x080001ca   Section        0  libshutdown2.o(.ARM.Collect$$libshutdown$$00000009)
    .ARM.Collect$$libshutdown$$0000000C      0x080001ca   Section        0  libshutdown2.o(.ARM.Collect$$libshutdown$$0000000C)
    .ARM.Collect$$libshutdown$$0000000E      0x080001ca   Section        0  libshutdown2.o(.ARM.Collect$$libshutdown$$0000000E)
    .ARM.Collect$$libshutdown$$00000011      0x080001ca   Section        0  libshutdown2.o(.ARM.Collect$$libshutdown$$00000011)
    .ARM.Collect$$libshutdown$$00000012      0x080001ca   Section        2  libshutdown2.o(.ARM.Collect$$libshutdown$$00000012)
    .ARM.Collect$$rtentry$$00000000          0x080001cc   Section        0  __rtentry.o(.ARM.Collect$$rtentry$$00000000)
    .ARM.Collect$$rtentry$$00000002          0x080001cc   Section        0  __rtentry2.o(.ARM.Collect$$rtentry$$00000002)
    .ARM.Collect$$rtentry$$00000004          0x080001cc   Section        6  __rtentry4.o(.ARM.Collect$$rtentry$$00000004)
    .ARM.Collect$$rtentry$$00000009          0x080001d2   Section        0  __rtentry2.o(.ARM.Collect$$rtentry$$00000009)
    .ARM.Collect$$rtentry$$0000000A          0x080001d2   Section        4  __rtentry2.o(.ARM.Collect$$rtentry$$0000000A)
    .ARM.Collect$$rtentry$$0000000C          0x080001d6   Section        0  __rtentry2.o(.ARM.Collect$$rtentry$$0000000C)
    .ARM.Collect$$rtentry$$0000000D          0x080001d6   Section        8  __rtentry2.o(.ARM.Collect$$rtentry$$0000000D)
    .ARM.Collect$$rtexit$$00000000           0x080001de   Section        2  rtexit.o(.ARM.Collect$$rtexit$$00000000)
    .ARM.Collect$$rtexit$$00000002           0x080001e0   Section        0  rtexit2.o(.ARM.Collect$$rtexit$$00000002)
    .ARM.Collect$$rtexit$$00000003           0x080001e0   Section        4  rtexit2.o(.ARM.Collect$$rtexit$$00000003)
    .ARM.Collect$$rtexit$$00000004           0x080001e4   Section        6  rtexit2.o(.ARM.Collect$$rtexit$$00000004)
    .text                                    0x080001ec   Section       64  startup_stm32f10x_hd.o(.text)
    .text                                    0x0800022c   Section        2  use_no_semi_2.o(.text)
    .text                                    0x08000230   Section        0  noretval__2printf.o(.text)
    .text                                    0x08000248   Section        0  noretval__2sprintf.o(.text)
    .text                                    0x08000270   Section        0  _printf_pad.o(.text)
    .text                                    0x080002c0   Section        0  _printf_dec.o(.text)
    .text                                    0x08000338   Section        0  __printf_flags_wp.o(.text)
    .text                                    0x08000470   Section        0  heapauxi.o(.text)
    .text                                    0x08000476   Section        2  use_no_semi.o(.text)
    .text                                    0x08000478   Section        0  _printf_intcommon.o(.text)
    .text                                    0x0800052a   Section        0  _printf_fp_dec.o(.text)
    _fp_digits                               0x0800052d   Thumb Code   432  _printf_fp_dec.o(.text)
    .text                                    0x08000948   Section        0  _printf_char_common.o(.text)
    _printf_input_char                       0x08000949   Thumb Code    10  _printf_char_common.o(.text)
    .text                                    0x08000978   Section        0  _sputc.o(.text)
    .text                                    0x08000984   Section        0  _printf_char_file.o(.text)
    .text                                    0x080009a8   Section        8  rt_locale_intlibspace.o(.text)
    .text                                    0x080009b0   Section      138  lludiv10.o(.text)
    .text                                    0x08000a3c   Section        0  _printf_fp_infnan.o(.text)
    .text                                    0x08000abc   Section        0  bigflt0.o(.text)
    .text                                    0x08000ba0   Section        0  ferror.o(.text)
    .text                                    0x08000ba8   Section        8  libspace.o(.text)
    .text                                    0x08000bb0   Section       74  sys_stackheap_outer.o(.text)
    .text                                    0x08000bfa   Section        0  exit.o(.text)
    .text                                    0x08000c0c   Section      128  strcmpv7m.o(.text)
    CL$$btod_d2e                             0x08000c8c   Section       62  btod.o(CL$$btod_d2e)
    CL$$btod_d2e_denorm_low                  0x08000cca   Section       70  btod.o(CL$$btod_d2e_denorm_low)
    CL$$btod_d2e_norm_op1                    0x08000d10   Section       96  btod.o(CL$$btod_d2e_norm_op1)
    CL$$btod_div_common                      0x08000d70   Section      824  btod.o(CL$$btod_div_common)
    CL$$btod_e2e                             0x080010a8   Section      220  btod.o(CL$$btod_e2e)
    CL$$btod_ediv                            0x08001184   Section       42  btod.o(CL$$btod_ediv)
    CL$$btod_emul                            0x080011ae   Section       42  btod.o(CL$$btod_emul)
    CL$$btod_mult_common                     0x080011d8   Section      580  btod.o(CL$$btod_mult_common)
    i.Airer_Reset                            0x0800141c   Section        0  function.o(i.Airer_Reset)
    i.Cmd_Write_BH1750                       0x08001494   Section        0  bh1750.o(i.Cmd_Write_BH1750)
    i.Convert_BH1750                         0x080014c8   Section        0  bh1750.o(i.Convert_BH1750)
    i.DHT11_Check                            0x08001520   Section        0  dht11.o(i.DHT11_Check)
    i.DHT11_Init                             0x08001584   Section        0  dht11.o(i.DHT11_Init)
    i.DHT11_Read_Bit                         0x080015c4   Section        0  dht11.o(i.DHT11_Read_Bit)
    i.DHT11_Read_Byte                        0x08001610   Section        0  dht11.o(i.DHT11_Read_Byte)
    i.DHT11_Read_Data                        0x0800162e   Section        0  dht11.o(i.DHT11_Read_Data)
    i.DHT11_Rst                              0x08001688   Section        0  dht11.o(i.DHT11_Rst)
    i.FSMC_NORSRAMCmd                        0x080016c8   Section        0  stm32f10x_fsmc.o(i.FSMC_NORSRAMCmd)
    i.FSMC_NORSRAMInit                       0x080016fc   Section        0  stm32f10x_fsmc.o(i.FSMC_NORSRAMInit)
    i.GPIO_INIT                              0x080017e4   Section        0  gpio.o(i.GPIO_INIT)
    i.GPIO_Init                              0x08001874   Section        0  stm32f10x_gpio.o(i.GPIO_Init)
    i.GPIO_ReadInputDataBit                  0x0800198a   Section        0  stm32f10x_gpio.o(i.GPIO_ReadInputDataBit)
    i.GPIO_ResetBits                         0x0800199c   Section        0  stm32f10x_gpio.o(i.GPIO_ResetBits)
    i.GPIO_SetBits                           0x080019a0   Section        0  stm32f10x_gpio.o(i.GPIO_SetBits)
    i.I2C_Ack                                0x080019a4   Section        0  i2c.o(i.I2C_Ack)
    i.I2C_NAck                               0x080019dc   Section        0  i2c.o(i.I2C_NAck)
    i.I2C_Read_Byte                          0x08001a14   Section        0  i2c.o(i.I2C_Read_Byte)
    i.I2C_Send_Byte                          0x08001a6c   Section        0  i2c.o(i.I2C_Send_Byte)
    i.I2C_Start                              0x08001abc   Section        0  i2c.o(i.I2C_Start)
    i.I2C_Stop                               0x08001af4   Section        0  i2c.o(i.I2C_Stop)
    i.I2C_Wait_Ack                           0x08001b28   Section        0  i2c.o(i.I2C_Wait_Ack)
    i.Init_BH1750                            0x08001b74   Section        0  bh1750.o(i.Init_BH1750)
    i.KEY_Scan                               0x08001b7c   Section        0  function.o(i.KEY_Scan)
    i.LCD_Clear                              0x08001c00   Section        0  lcd.o(i.LCD_Clear)
    i.LCD_Display_Dir                        0x08001c6c   Section        0  lcd.o(i.LCD_Display_Dir)
    i.LCD_DrawPoint                          0x08001e14   Section        0  lcd.o(i.LCD_DrawPoint)
    i.LCD_Init                               0x08001e38   Section        0  lcd.o(i.LCD_Init)
    i.LCD_RD_DATA                            0x08005534   Section        0  lcd.o(i.LCD_RD_DATA)
    i.LCD_ReadReg                            0x08005540   Section        0  lcd.o(i.LCD_ReadReg)
    i.LCD_Scan_Dir                           0x08005558   Section        0  lcd.o(i.LCD_Scan_Dir)
    i.LCD_SetCursor                          0x08005820   Section        0  lcd.o(i.LCD_SetCursor)
    i.LCD_ShowChar                           0x0800592c   Section        0  lcd.o(i.LCD_ShowChar)
    i.LCD_ShowString                         0x08005a94   Section        0  lcd.o(i.LCD_ShowString)
    i.LCD_WR_DATA                            0x08005afc   Section        0  lcd.o(i.LCD_WR_DATA)
    i.LCD_WR_REG                             0x08005b08   Section        0  lcd.o(i.LCD_WR_REG)
    i.LCD_WriteRAM_Prepare                   0x08005b14   Section        0  lcd.o(i.LCD_WriteRAM_Prepare)
    i.LCD_WriteReg                           0x08005b28   Section        0  lcd.o(i.LCD_WriteReg)
    i.NVIC_Init                              0x08005b38   Section        0  misc.o(i.NVIC_Init)
    i.RCC_AHBPeriphClockCmd                  0x08005ba8   Section        0  stm32f10x_rcc.o(i.RCC_AHBPeriphClockCmd)
    i.RCC_APB1PeriphClockCmd                 0x08005bc8   Section        0  stm32f10x_rcc.o(i.RCC_APB1PeriphClockCmd)
    i.RCC_APB2PeriphClockCmd                 0x08005be8   Section        0  stm32f10x_rcc.o(i.RCC_APB2PeriphClockCmd)
    i.RCC_GetClocksFreq                      0x08005c08   Section        0  stm32f10x_rcc.o(i.RCC_GetClocksFreq)
    i.ReachOut                               0x08005cdc   Section        0  function.o(i.ReachOut)
    i.Read_BH1750                            0x08005d40   Section        0  bh1750.o(i.Read_BH1750)
    i.SDA_IN                                 0x08005d74   Section        0  i2c.o(i.SDA_IN)
    i.SDA_OUT                                0x08005d98   Section        0  i2c.o(i.SDA_OUT)
    i.SetSysClock                            0x08005dbc   Section        0  system_stm32f10x.o(i.SetSysClock)
    SetSysClock                              0x08005dbd   Thumb Code     8  system_stm32f10x.o(i.SetSysClock)
    i.SetSysClockTo72                        0x08005dc4   Section        0  system_stm32f10x.o(i.SetSysClockTo72)
    SetSysClockTo72                          0x08005dc5   Thumb Code   214  system_stm32f10x.o(i.SetSysClockTo72)
    i.Shrink                                 0x08005ea4   Section        0  function.o(i.Shrink)
    i.Start_BH1750                           0x08005f1c   Section        0  bh1750.o(i.Start_BH1750)
    i.SysTick_CLKSourceConfig                0x08005f32   Section        0  misc.o(i.SysTick_CLKSourceConfig)
    i.SystemInit                             0x08005f5c   Section        0  system_stm32f10x.o(i.SystemInit)
    i.TIM3_IRQHandler                        0x08005fbc   Section        0  main_1.o(i.TIM3_IRQHandler)
    i.TIM_ClearITPendingBit                  0x08006064   Section        0  stm32f10x_tim.o(i.TIM_ClearITPendingBit)
    i.TIM_Cmd                                0x0800606a   Section        0  stm32f10x_tim.o(i.TIM_Cmd)
    i.TIM_GetITStatus                        0x08006082   Section        0  stm32f10x_tim.o(i.TIM_GetITStatus)
    i.TIM_ITConfig                           0x080060a4   Section        0  stm32f10x_tim.o(i.TIM_ITConfig)
    i.TIM_OC3Init                            0x080060b8   Section        0  stm32f10x_tim.o(i.TIM_OC3Init)
    i.TIM_OC3PolarityConfig                  0x08006158   Section        0  stm32f10x_tim.o(i.TIM_OC3PolarityConfig)
    i.TIM_OC4Init                            0x08006174   Section        0  stm32f10x_tim.o(i.TIM_OC4Init)
    i.TIM_OC4PolarityConfig                  0x080061f0   Section        0  stm32f10x_tim.o(i.TIM_OC4PolarityConfig)
    i.TIM_TimeBaseInit                       0x0800620c   Section        0  stm32f10x_tim.o(i.TIM_TimeBaseInit)
    i.USART1_IRQHandler                      0x080062b0   Section        0  usart.o(i.USART1_IRQHandler)
    i.USART_Cmd                              0x08006338   Section        0  stm32f10x_usart.o(i.USART_Cmd)
    i.USART_GetITStatus                      0x08006350   Section        0  stm32f10x_usart.o(i.USART_GetITStatus)
    i.USART_ITConfig                         0x080063a4   Section        0  stm32f10x_usart.o(i.USART_ITConfig)
    i.USART_Init                             0x080063f0   Section        0  stm32f10x_usart.o(i.USART_Init)
    i.USART_ReceiveData                      0x080064c8   Section        0  stm32f10x_usart.o(i.USART_ReceiveData)
    i.__ARM_fpclassify                       0x080064d2   Section        0  fpclassify.o(i.__ARM_fpclassify)
    i._is_digit                              0x080064fa   Section        0  __printf_wp.o(i._is_digit)
    i._sys_exit                              0x08006508   Section        0  usart.o(i._sys_exit)
    i.delay_init                             0x0800650c   Section        0  delay.o(i.delay_init)
    i.delay_ms                               0x08006550   Section        0  delay.o(i.delay_ms)
    i.delay_us                               0x0800659c   Section        0  delay.o(i.delay_us)
    i.environment                            0x080065e8   Section        0  function.o(i.environment)
    i.fputc                                  0x0800688c   Section        0  usart.o(i.fputc)
    i.i2c_Port_Init                          0x080068a8   Section        0  i2c.o(i.i2c_Port_Init)
    i.main                                   0x080068e8   Section        0  main_1.o(i.main)
    i.tim2_init                              0x08006ac4   Section        0  tim.o(i.tim2_init)
    i.tim3_init                              0x08006b50   Section        0  tim.o(i.tim3_init)
    i.tim5_init                              0x08006bb4   Section        0  tim.o(i.tim5_init)
    i.uart_init                              0x08006c40   Section        0  usart.o(i.uart_init)
    locale$$code                             0x08006ce0   Section       44  lc_numeric_c.o(locale$$code)
    x$fpl$d2f                                0x08006d0c   Section       98  d2f.o(x$fpl$d2f)
    x$fpl$ddiv                               0x08006d70   Section      688  ddiv.o(x$fpl$ddiv)
    ddiv_entry                               0x08006d77   Thumb Code     0  ddiv.o(x$fpl$ddiv)
    x$fpl$dnaninf                            0x08007020   Section      156  dnaninf.o(x$fpl$dnaninf)
    x$fpl$dretinf                            0x080070bc   Section       12  dretinf.o(x$fpl$dretinf)
    x$fpl$f2d                                0x080070c8   Section       86  f2d.o(x$fpl$f2d)
    x$fpl$fcmpinf                            0x0800711e   Section       24  fcmpi.o(x$fpl$fcmpinf)
    x$fpl$ffltu                              0x08007138   Section       38  fflt_clz.o(x$fpl$ffltu)
    x$fpl$fleqf                              0x08007160   Section      104  fleqf.o(x$fpl$fleqf)
    x$fpl$fnaninf                            0x080071c8   Section      140  fnaninf.o(x$fpl$fnaninf)
    x$fpl$fretinf                            0x08007254   Section       10  fretinf.o(x$fpl$fretinf)
    x$fpl$frleqf                             0x0800725e   Section       98  frleqf.o(x$fpl$frleqf)
    x$fpl$printf1                            0x080072c0   Section        4  printf1.o(x$fpl$printf1)
    .constdata                               0x080072c4   Section     2660  lcd.o(.constdata)
    x$fpl$usenofp                            0x080072c4   Section        0  usenofp.o(x$fpl$usenofp)
    .constdata                               0x08007d28   Section       17  __printf_flags_wp.o(.constdata)
    maptable                                 0x08007d28   Data          17  __printf_flags_wp.o(.constdata)
    .constdata                               0x08007d3c   Section      148  bigflt0.o(.constdata)
    tenpwrs_x                                0x08007d3c   Data          60  bigflt0.o(.constdata)
    tenpwrs_i                                0x08007d78   Data          64  bigflt0.o(.constdata)
    locale$$data                             0x08007df0   Section       28  lc_numeric_c.o(locale$$data)
    __lcnum_c_name                           0x08007df4   Data           2  lc_numeric_c.o(locale$$data)
    __lcnum_c_start                          0x08007dfc   Data           0  lc_numeric_c.o(locale$$data)
    __lcnum_c_point                          0x08007e08   Data           0  lc_numeric_c.o(locale$$data)
    __lcnum_c_thousands                      0x08007e0a   Data           0  lc_numeric_c.o(locale$$data)
    __lcnum_c_grouping                       0x08007e0b   Data           0  lc_numeric_c.o(locale$$data)
    __lcnum_c_end                            0x08007e0c   Data           0  lc_numeric_c.o(locale$$data)
    .data                                    0x20000000   Section       20  main_1.o(.data)
    .data                                    0x20000014   Section        9  function.o(.data)
    key_up                                   0x2000001c   Data           1  function.o(.data)
    .data                                    0x20000020   Section        8  bh1750.o(.data)
    .data                                    0x20000028   Section        4  delay.o(.data)
    fac_us                                   0x20000028   Data           1  delay.o(.data)
    fac_ms                                   0x2000002a   Data           2  delay.o(.data)
    .data                                    0x2000002c   Section        4  lcd.o(.data)
    .data                                    0x20000030   Section        6  usart.o(.data)
    .data                                    0x20000036   Section       20  stm32f10x_rcc.o(.data)
    APBAHBPrescTable                         0x20000036   Data          16  stm32f10x_rcc.o(.data)
    ADCPrescTable                            0x20000046   Data           4  stm32f10x_rcc.o(.data)
    .data                                    0x2000004c   Section       20  system_stm32f10x.o(.data)
    .bss                                     0x20000060   Section      100  main_1.o(.bss)
    .bss                                     0x200000c4   Section       14  lcd.o(.bss)
    .bss                                     0x200000d2   Section      200  usart.o(.bss)
    .bss                                     0x2000019c   Section       96  libspace.o(.bss)
    HEAP                                     0x20000200   Section      512  startup_stm32f10x_hd.o(HEAP)
    Heap_Mem                                 0x20000200   Data         512  startup_stm32f10x_hd.o(HEAP)
    STACK                                    0x20000400   Section     1024  startup_stm32f10x_hd.o(STACK)
    Stack_Mem                                0x20000400   Data        1024  startup_stm32f10x_hd.o(STACK)
    __initial_sp                             0x20000800   Data           0  startup_stm32f10x_hd.o(STACK)

    Global Symbols

    Symbol Name                              Value     Ov Type        Size  Object(Section)

    BuildAttributes$$THM_ISAv4$P$D$K$B$S$PE$A:L22UL41UL21$X:L11$S22US41US21$IEEE1$IW$USESV6$~STKCKD$USESV7$~SHL$OTIME$ROPI$IEEEJ$EBA8$UX$STANDARDLIB$REQ8$PRES8$EABIv2 0x00000000   Number         0  anon$$obj.o ABSOLUTE
    __ARM_use_no_argv                        0x00000000   Number         0  main_1.o ABSOLUTE
    _printf_flags                            0x00000000   Number         0  printf_stubs.o ABSOLUTE
    _printf_return_value                     0x00000000   Number         0  printf_stubs.o ABSOLUTE
    _printf_sizespec                         0x00000000   Number         0  printf_stubs.o ABSOLUTE
    _printf_widthprec                        0x00000000   Number         0  printf_stubs.o ABSOLUTE
    __ARM_exceptions_init                     - Undefined Weak Reference
    __alloca_initialize                       - Undefined Weak Reference
    __arm_fini_                               - Undefined Weak Reference
    __arm_preinit_                            - Undefined Weak Reference
    __cpp_initialize__aeabi_                  - Undefined Weak Reference
    __cxa_finalize                            - Undefined Weak Reference
    __sigvec_lookup                           - Undefined Weak Reference
    _atexit_init                              - Undefined Weak Reference
    _call_atexit_fns                          - Undefined Weak Reference
    _clock_init                               - Undefined Weak Reference
    _fp_trap_init                             - Undefined Weak Reference
    _fp_trap_shutdown                         - Undefined Weak Reference
    _get_lc_collate                           - Undefined Weak Reference
    _get_lc_ctype                             - Undefined Weak Reference
    _get_lc_monetary                          - Undefined Weak Reference
    _get_lc_time                              - Undefined Weak Reference
    _getenv_init                              - Undefined Weak Reference
    _handle_redirection                       - Undefined Weak Reference
    _init_alloc                               - Undefined Weak Reference
    _init_user_alloc                          - Undefined Weak Reference
    _initio                                   - Undefined Weak Reference
    _mutex_acquire                            - Undefined Weak Reference
    _mutex_release                            - Undefined Weak Reference
    _printf_truncate_signed                   - Undefined Weak Reference
    _printf_truncate_unsigned                 - Undefined Weak Reference
    _rand_init                                - Undefined Weak Reference
    _signal_finish                            - Undefined Weak Reference
    _signal_init                              - Undefined Weak Reference
    _terminate_alloc                          - Undefined Weak Reference
    _terminate_user_alloc                     - Undefined Weak Reference
    _terminateio                              - Undefined Weak Reference
    __Vectors_Size                           0x00000130   Number         0  startup_stm32f10x_hd.o ABSOLUTE
    __Vectors                                0x08000000   Data           4  startup_stm32f10x_hd.o(RESET)
    __Vectors_End                            0x08000130   Data           0  startup_stm32f10x_hd.o(RESET)
    __main                                   0x08000131   Thumb Code     8  __main.o(!!!main)
    __scatterload                            0x08000139   Thumb Code     0  __scatter.o(!!!scatter)
    __scatterload_rt2                        0x08000139   Thumb Code    44  __scatter.o(!!!scatter)
    __scatterload_rt2_thumb_only             0x08000139   Thumb Code     0  __scatter.o(!!!scatter)
    __scatterload_null                       0x08000147   Thumb Code     0  __scatter.o(!!!scatter)
    __scatterload_copy                       0x0800016d   Thumb Code    26  __scatter_copy.o(!!handler_copy)
    __scatterload_zeroinit                   0x08000189   Thumb Code    28  __scatter_zi.o(!!handler_zi)
    _printf_f                                0x080001a5   Thumb Code     0  _printf_f.o(.ARM.Collect$$_printf_percent$$00000003)
    _printf_percent                          0x080001a5   Thumb Code     0  _printf_percent.o(.ARM.Collect$$_printf_percent$$00000000)
    _printf_d                                0x080001ab   Thumb Code     0  _printf_d.o(.ARM.Collect$$_printf_percent$$00000009)
    _printf_percent_end                      0x080001b1   Thumb Code     0  _printf_percent_end.o(.ARM.Collect$$_printf_percent$$00000017)
    __rt_lib_init                            0x080001b5   Thumb Code     0  libinit.o(.ARM.Collect$$libinit$$00000000)
    __rt_lib_init_fp_1                       0x080001b7   Thumb Code     0  libinit2.o(.ARM.Collect$$libinit$$00000002)
    __rt_lib_init_heap_1                     0x080001b7   Thumb Code     0  libinit2.o(.ARM.Collect$$libinit$$0000000A)
    __rt_lib_init_lc_common                  0x080001b7   Thumb Code     0  libinit2.o(.ARM.Collect$$libinit$$0000000F)
    __rt_lib_init_preinit_1                  0x080001b7   Thumb Code     0  libinit2.o(.ARM.Collect$$libinit$$00000004)
    __rt_lib_init_rand_1                     0x080001b7   Thumb Code     0  libinit2.o(.ARM.Collect$$libinit$$0000000E)
    __rt_lib_init_user_alloc_1               0x080001b7   Thumb Code     0  libinit2.o(.ARM.Collect$$libinit$$0000000C)
    __rt_lib_init_lc_collate_1               0x080001bd   Thumb Code     0  libinit2.o(.ARM.Collect$$libinit$$00000011)
    __rt_lib_init_lc_ctype_1                 0x080001bd   Thumb Code     0  libinit2.o(.ARM.Collect$$libinit$$00000013)
    __rt_lib_init_lc_monetary_1              0x080001bd   Thumb Code     0  libinit2.o(.ARM.Collect$$libinit$$00000015)
    __rt_lib_init_lc_numeric_2               0x080001bd   Thumb Code     0  libinit2.o(.ARM.Collect$$libinit$$00000016)
    __rt_lib_init_alloca_1                   0x080001c7   Thumb Code     0  libinit2.o(.ARM.Collect$$libinit$$0000002E)
    __rt_lib_init_argv_1                     0x080001c7   Thumb Code     0  libinit2.o(.ARM.Collect$$libinit$$0000002C)
    __rt_lib_init_atexit_1                   0x080001c7   Thumb Code     0  libinit2.o(.ARM.Collect$$libinit$$0000001B)
    __rt_lib_init_clock_1                    0x080001c7   Thumb Code     0  libinit2.o(.ARM.Collect$$libinit$$00000021)
    __rt_lib_init_cpp_1                      0x080001c7   Thumb Code     0  libinit2.o(.ARM.Collect$$libinit$$00000032)
    __rt_lib_init_exceptions_1               0x080001c7   Thumb Code     0  libinit2.o(.ARM.Collect$$libinit$$00000030)
    __rt_lib_init_fp_trap_1                  0x080001c7   Thumb Code     0  libinit2.o(.ARM.Collect$$libinit$$0000001F)
    __rt_lib_init_getenv_1                   0x080001c7   Thumb Code     0  libinit2.o(.ARM.Collect$$libinit$$00000023)
    __rt_lib_init_lc_numeric_1               0x080001c7   Thumb Code     0  libinit2.o(.ARM.Collect$$libinit$$00000017)
    __rt_lib_init_lc_time_1                  0x080001c7   Thumb Code     0  libinit2.o(.ARM.Collect$$libinit$$00000019)
    __rt_lib_init_return                     0x080001c7   Thumb Code     0  libinit2.o(.ARM.Collect$$libinit$$00000033)
    __rt_lib_init_signal_1                   0x080001c7   Thumb Code     0  libinit2.o(.ARM.Collect$$libinit$$0000001D)
    __rt_lib_init_stdio_1                    0x080001c7   Thumb Code     0  libinit2.o(.ARM.Collect$$libinit$$00000025)
    __rt_lib_shutdown                        0x080001c9   Thumb Code     0  libshutdown.o(.ARM.Collect$$libshutdown$$00000000)
    __rt_lib_shutdown_cpp_1                  0x080001cb   Thumb Code     0  libshutdown2.o(.ARM.Collect$$libshutdown$$00000004)
    __rt_lib_shutdown_fini_1                 0x080001cb   Thumb Code     0  libshutdown2.o(.ARM.Collect$$libshutdown$$00000002)
    __rt_lib_shutdown_fp_trap_1              0x080001cb   Thumb Code     0  libshutdown2.o(.ARM.Collect$$libshutdown$$00000009)
    __rt_lib_shutdown_heap_1                 0x080001cb   Thumb Code     0  libshutdown2.o(.ARM.Collect$$libshutdown$$00000011)
    __rt_lib_shutdown_return                 0x080001cb   Thumb Code     0  libshutdown2.o(.ARM.Collect$$libshutdown$$00000012)
    __rt_lib_shutdown_signal_1               0x080001cb   Thumb Code     0  libshutdown2.o(.ARM.Collect$$libshutdown$$0000000C)
    __rt_lib_shutdown_stdio_1                0x080001cb   Thumb Code     0  libshutdown2.o(.ARM.Collect$$libshutdown$$00000006)
    __rt_lib_shutdown_user_alloc_1           0x080001cb   Thumb Code     0  libshutdown2.o(.ARM.Collect$$libshutdown$$0000000E)
    __rt_entry                               0x080001cd   Thumb Code     0  __rtentry.o(.ARM.Collect$$rtentry$$00000000)
    __rt_entry_presh_1                       0x080001cd   Thumb Code     0  __rtentry2.o(.ARM.Collect$$rtentry$$00000002)
    __rt_entry_sh                            0x080001cd   Thumb Code     0  __rtentry4.o(.ARM.Collect$$rtentry$$00000004)
    __rt_entry_li                            0x080001d3   Thumb Code     0  __rtentry2.o(.ARM.Collect$$rtentry$$0000000A)
    __rt_entry_postsh_1                      0x080001d3   Thumb Code     0  __rtentry2.o(.ARM.Collect$$rtentry$$00000009)
    __rt_entry_main                          0x080001d7   Thumb Code     0  __rtentry2.o(.ARM.Collect$$rtentry$$0000000D)
    __rt_entry_postli_1                      0x080001d7   Thumb Code     0  __rtentry2.o(.ARM.Collect$$rtentry$$0000000C)
    __rt_exit                                0x080001df   Thumb Code     0  rtexit.o(.ARM.Collect$$rtexit$$00000000)
    __rt_exit_ls                             0x080001e1   Thumb Code     0  rtexit2.o(.ARM.Collect$$rtexit$$00000003)
    __rt_exit_prels_1                        0x080001e1   Thumb Code     0  rtexit2.o(.ARM.Collect$$rtexit$$00000002)
    __rt_exit_exit                           0x080001e5   Thumb Code     0  rtexit2.o(.ARM.Collect$$rtexit$$00000004)
    Reset_Handler                            0x080001ed   Thumb Code     8  startup_stm32f10x_hd.o(.text)
    NMI_Handler                              0x080001f5   Thumb Code     2  startup_stm32f10x_hd.o(.text)
    HardFault_Handler                        0x080001f7   Thumb Code     2  startup_stm32f10x_hd.o(.text)
    MemManage_Handler                        0x080001f9   Thumb Code     2  startup_stm32f10x_hd.o(.text)
    BusFault_Handler                         0x080001fb   Thumb Code     2  startup_stm32f10x_hd.o(.text)
    UsageFault_Handler                       0x080001fd   Thumb Code     2  startup_stm32f10x_hd.o(.text)
    SVC_Handler                              0x080001ff   Thumb Code     2  startup_stm32f10x_hd.o(.text)
    DebugMon_Handler                         0x08000201   Thumb Code     2  startup_stm32f10x_hd.o(.text)
    PendSV_Handler                           0x08000203   Thumb Code     2  startup_stm32f10x_hd.o(.text)
    SysTick_Handler                          0x08000205   Thumb Code     2  startup_stm32f10x_hd.o(.text)
    ADC1_2_IRQHandler                        0x08000207   Thumb Code     0  startup_stm32f10x_hd.o(.text)
    ADC3_IRQHandler                          0x08000207   Thumb Code     0  startup_stm32f10x_hd.o(.text)
    CAN1_RX1_IRQHandler                      0x08000207   Thumb Code     0  startup_stm32f10x_hd.o(.text)
    CAN1_SCE_IRQHandler                      0x08000207   Thumb Code     0  startup_stm32f10x_hd.o(.text)
    DMA1_Channel1_IRQHandler                 0x08000207   Thumb Code     0  startup_stm32f10x_hd.o(.text)
    DMA1_Channel2_IRQHandler                 0x08000207   Thumb Code     0  startup_stm32f10x_hd.o(.text)
    DMA1_Channel3_IRQHandler                 0x08000207   Thumb Code     0  startup_stm32f10x_hd.o(.text)
    DMA1_Channel4_IRQHandler                 0x08000207   Thumb Code     0  startup_stm32f10x_hd.o(.text)
    DMA1_Channel5_IRQHandler                 0x08000207   Thumb Code     0  startup_stm32f10x_hd.o(.text)
    DMA1_Channel6_IRQHandler                 0x08000207   Thumb Code     0  startup_stm32f10x_hd.o(.text)
    DMA1_Channel7_IRQHandler                 0x08000207   Thumb Code     0  startup_stm32f10x_hd.o(.text)
    DMA2_Channel1_IRQHandler                 0x08000207   Thumb Code     0  startup_stm32f10x_hd.o(.text)
    DMA2_Channel2_IRQHandler                 0x08000207   Thumb Code     0  startup_stm32f10x_hd.o(.text)
    DMA2_Channel3_IRQHandler                 0x08000207   Thumb Code     0  startup_stm32f10x_hd.o(.text)
    DMA2_Channel4_5_IRQHandler               0x08000207   Thumb Code     0  startup_stm32f10x_hd.o(.text)
    EXTI0_IRQHandler                         0x08000207   Thumb Code     0  startup_stm32f10x_hd.o(.text)
    EXTI15_10_IRQHandler                     0x08000207   Thumb Code     0  startup_stm32f10x_hd.o(.text)
    EXTI1_IRQHandler                         0x08000207   Thumb Code     0  startup_stm32f10x_hd.o(.text)
    EXTI2_IRQHandler                         0x08000207   Thumb Code     0  startup_stm32f10x_hd.o(.text)
    EXTI3_IRQHandler                         0x08000207   Thumb Code     0  startup_stm32f10x_hd.o(.text)
    EXTI4_IRQHandler                         0x08000207   Thumb Code     0  startup_stm32f10x_hd.o(.text)
    EXTI9_5_IRQHandler                       0x08000207   Thumb Code     0  startup_stm32f10x_hd.o(.text)
    FLASH_IRQHandler                         0x08000207   Thumb Code     0  startup_stm32f10x_hd.o(.text)
    FSMC_IRQHandler                          0x08000207   Thumb Code     0  startup_stm32f10x_hd.o(.text)
    I2C1_ER_IRQHandler                       0x08000207   Thumb Code     0  startup_stm32f10x_hd.o(.text)
    I2C1_EV_IRQHandler                       0x08000207   Thumb Code     0  startup_stm32f10x_hd.o(.text)
    I2C2_ER_IRQHandler                       0x08000207   Thumb Code     0  startup_stm32f10x_hd.o(.text)
    I2C2_EV_IRQHandler                       0x08000207   Thumb Code     0  startup_stm32f10x_hd.o(.text)
    PVD_IRQHandler                           0x08000207   Thumb Code     0  startup_stm32f10x_hd.o(.text)
    RCC_IRQHandler                           0x08000207   Thumb Code     0  startup_stm32f10x_hd.o(.text)
    RTCAlarm_IRQHandler                      0x08000207   Thumb Code     0  startup_stm32f10x_hd.o(.text)
    RTC_IRQHandler                           0x08000207   Thumb Code     0  startup_stm32f10x_hd.o(.text)
    SDIO_IRQHandler                          0x08000207   Thumb Code     0  startup_stm32f10x_hd.o(.text)
    SPI1_IRQHandler                          0x08000207   Thumb Code     0  startup_stm32f10x_hd.o(.text)
    SPI2_IRQHandler                          0x08000207   Thumb Code     0  startup_stm32f10x_hd.o(.text)
    SPI3_IRQHandler                          0x08000207   Thumb Code     0  startup_stm32f10x_hd.o(.text)
    TAMPER_IRQHandler                        0x08000207   Thumb Code     0  startup_stm32f10x_hd.o(.text)
    TIM1_BRK_IRQHandler                      0x08000207   Thumb Code     0  startup_stm32f10x_hd.o(.text)
    TIM1_CC_IRQHandler                       0x08000207   Thumb Code     0  startup_stm32f10x_hd.o(.text)
    TIM1_TRG_COM_IRQHandler                  0x08000207   Thumb Code     0  startup_stm32f10x_hd.o(.text)
    TIM1_UP_IRQHandler                       0x08000207   Thumb Code     0  startup_stm32f10x_hd.o(.text)
    TIM2_IRQHandler                          0x08000207   Thumb Code     0  startup_stm32f10x_hd.o(.text)
    TIM4_IRQHandler                          0x08000207   Thumb Code     0  startup_stm32f10x_hd.o(.text)
    TIM5_IRQHandler                          0x08000207   Thumb Code     0  startup_stm32f10x_hd.o(.text)
    TIM6_IRQHandler                          0x08000207   Thumb Code     0  startup_stm32f10x_hd.o(.text)
    TIM7_IRQHandler                          0x08000207   Thumb Code     0  startup_stm32f10x_hd.o(.text)
    TIM8_BRK_IRQHandler                      0x08000207   Thumb Code     0  startup_stm32f10x_hd.o(.text)
    TIM8_CC_IRQHandler                       0x08000207   Thumb Code     0  startup_stm32f10x_hd.o(.text)
    TIM8_TRG_COM_IRQHandler                  0x08000207   Thumb Code     0  startup_stm32f10x_hd.o(.text)
    TIM8_UP_IRQHandler                       0x08000207   Thumb Code     0  startup_stm32f10x_hd.o(.text)
    UART4_IRQHandler                         0x08000207   Thumb Code     0  startup_stm32f10x_hd.o(.text)
    UART5_IRQHandler                         0x08000207   Thumb Code     0  startup_stm32f10x_hd.o(.text)
    USART2_IRQHandler                        0x08000207   Thumb Code     0  startup_stm32f10x_hd.o(.text)
    USART3_IRQHandler                        0x08000207   Thumb Code     0  startup_stm32f10x_hd.o(.text)
    USBWakeUp_IRQHandler                     0x08000207   Thumb Code     0  startup_stm32f10x_hd.o(.text)
    USB_HP_CAN1_TX_IRQHandler                0x08000207   Thumb Code     0  startup_stm32f10x_hd.o(.text)
    USB_LP_CAN1_RX0_IRQHandler               0x08000207   Thumb Code     0  startup_stm32f10x_hd.o(.text)
    WWDG_IRQHandler                          0x08000207   Thumb Code     0  startup_stm32f10x_hd.o(.text)
    __user_initial_stackheap                 0x08000209   Thumb Code     0  startup_stm32f10x_hd.o(.text)
    __use_no_semihosting                     0x0800022d   Thumb Code     2  use_no_semi_2.o(.text)
    __2printf                                0x08000231   Thumb Code    20  noretval__2printf.o(.text)
    __2sprintf                               0x08000249   Thumb Code    34  noretval__2sprintf.o(.text)
    _printf_pre_padding                      0x08000271   Thumb Code    44  _printf_pad.o(.text)
    _printf_post_padding                     0x0800029d   Thumb Code    34  _printf_pad.o(.text)
    _printf_int_dec                          0x080002c1   Thumb Code   104  _printf_dec.o(.text)
    __printf                                 0x08000339   Thumb Code   308  __printf_flags_wp.o(.text)
    __use_two_region_memory                  0x08000471   Thumb Code     2  heapauxi.o(.text)
    __rt_heap_escrow$2region                 0x08000473   Thumb Code     2  heapauxi.o(.text)
    __rt_heap_expand$2region                 0x08000475   Thumb Code     2  heapauxi.o(.text)
    __I$use$semihosting                      0x08000477   Thumb Code     0  use_no_semi.o(.text)
    __use_no_semihosting_swi                 0x08000477   Thumb Code     2  use_no_semi.o(.text)
    _printf_int_common                       0x08000479   Thumb Code   178  _printf_intcommon.o(.text)
    __lib_sel_fp_printf                      0x0800052b   Thumb Code     2  _printf_fp_dec.o(.text)
    _printf_fp_dec_real                      0x080006dd   Thumb Code   620  _printf_fp_dec.o(.text)
    _printf_char_common                      0x08000953   Thumb Code    32  _printf_char_common.o(.text)
    _sputc                                   0x08000979   Thumb Code    10  _sputc.o(.text)
    _printf_char_file                        0x08000985   Thumb Code    32  _printf_char_file.o(.text)
    __rt_locale                              0x080009a9   Thumb Code     8  rt_locale_intlibspace.o(.text)
    _ll_udiv10                               0x080009b1   Thumb Code   138  lludiv10.o(.text)
    _printf_fp_infnan                        0x08000a3d   Thumb Code   112  _printf_fp_infnan.o(.text)
    _btod_etento                             0x08000abd   Thumb Code   224  bigflt0.o(.text)
    ferror                                   0x08000ba1   Thumb Code     8  ferror.o(.text)
    __user_libspace                          0x08000ba9   Thumb Code     8  libspace.o(.text)
    __user_perproc_libspace                  0x08000ba9   Thumb Code     0  libspace.o(.text)
    __user_perthread_libspace                0x08000ba9   Thumb Code     0  libspace.o(.text)
    __user_setup_stackheap                   0x08000bb1   Thumb Code    74  sys_stackheap_outer.o(.text)
    exit                                     0x08000bfb   Thumb Code    18  exit.o(.text)
    strcmp                                   0x08000c0d   Thumb Code   128  strcmpv7m.o(.text)
    _btod_d2e                                0x08000c8d   Thumb Code    62  btod.o(CL$$btod_d2e)
    _d2e_denorm_low                          0x08000ccb   Thumb Code    70  btod.o(CL$$btod_d2e_denorm_low)
    _d2e_norm_op1                            0x08000d11   Thumb Code    96  btod.o(CL$$btod_d2e_norm_op1)
    __btod_div_common                        0x08000d71   Thumb Code   696  btod.o(CL$$btod_div_common)
    _e2e                                     0x080010a9   Thumb Code   220  btod.o(CL$$btod_e2e)
    _btod_ediv                               0x08001185   Thumb Code    42  btod.o(CL$$btod_ediv)
    _btod_emul                               0x080011af   Thumb Code    42  btod.o(CL$$btod_emul)
    __btod_mult_common                       0x080011d9   Thumb Code   580  btod.o(CL$$btod_mult_common)
    Airer_Reset                              0x0800141d   Thumb Code   104  function.o(i.Airer_Reset)
    Cmd_Write_BH1750                         0x08001495   Thumb Code    52  bh1750.o(i.Cmd_Write_BH1750)
    Convert_BH1750                           0x080014c9   Thumb Code    70  bh1750.o(i.Convert_BH1750)
    DHT11_Check                              0x08001521   Thumb Code    92  dht11.o(i.DHT11_Check)
    DHT11_Init                               0x08001585   Thumb Code    58  dht11.o(i.DHT11_Init)
    DHT11_Read_Bit                           0x080015c5   Thumb Code    70  dht11.o(i.DHT11_Read_Bit)
    DHT11_Read_Byte                          0x08001611   Thumb Code    30  dht11.o(i.DHT11_Read_Byte)
    DHT11_Read_Data                          0x0800162f   Thumb Code    88  dht11.o(i.DHT11_Read_Data)
    DHT11_Rst                                0x08001689   Thumb Code    52  dht11.o(i.DHT11_Rst)
    FSMC_NORSRAMCmd                          0x080016c9   Thumb Code    46  stm32f10x_fsmc.o(i.FSMC_NORSRAMCmd)
    FSMC_NORSRAMInit                         0x080016fd   Thumb Code   230  stm32f10x_fsmc.o(i.FSMC_NORSRAMInit)
    GPIO_INIT                                0x080017e5   Thumb Code   132  gpio.o(i.GPIO_INIT)
    GPIO_Init                                0x08001875   Thumb Code   278  stm32f10x_gpio.o(i.GPIO_Init)
    GPIO_ReadInputDataBit                    0x0800198b   Thumb Code    18  stm32f10x_gpio.o(i.GPIO_ReadInputDataBit)
    GPIO_ResetBits                           0x0800199d   Thumb Code     4  stm32f10x_gpio.o(i.GPIO_ResetBits)
    GPIO_SetBits                             0x080019a1   Thumb Code     4  stm32f10x_gpio.o(i.GPIO_SetBits)
    I2C_Ack                                  0x080019a5   Thumb Code    48  i2c.o(i.I2C_Ack)
    I2C_NAck                                 0x080019dd   Thumb Code    48  i2c.o(i.I2C_NAck)
    I2C_Read_Byte                            0x08001a15   Thumb Code    80  i2c.o(i.I2C_Read_Byte)
    I2C_Send_Byte                            0x08001a6d   Thumb Code    72  i2c.o(i.I2C_Send_Byte)
    I2C_Start                                0x08001abd   Thumb Code    46  i2c.o(i.I2C_Start)
    I2C_Stop                                 0x08001af5   Thumb Code    44  i2c.o(i.I2C_Stop)
    I2C_Wait_Ack                             0x08001b29   Thumb Code    68  i2c.o(i.I2C_Wait_Ack)
    Init_BH1750                              0x08001b75   Thumb Code     8  bh1750.o(i.Init_BH1750)
    KEY_Scan                                 0x08001b7d   Thumb Code   124  function.o(i.KEY_Scan)
    LCD_Clear                                0x08001c01   Thumb Code   100  lcd.o(i.LCD_Clear)
    LCD_Display_Dir                          0x08001c6d   Thumb Code   420  lcd.o(i.LCD_Display_Dir)
    LCD_DrawPoint                            0x08001e15   Thumb Code    28  lcd.o(i.LCD_DrawPoint)
    LCD_Init                                 0x08001e39   Thumb Code 14066  lcd.o(i.LCD_Init)
    LCD_RD_DATA                              0x08005535   Thumb Code     6  lcd.o(i.LCD_RD_DATA)
    LCD_ReadReg                              0x08005541   Thumb Code    22  lcd.o(i.LCD_ReadReg)
    LCD_Scan_Dir                             0x08005559   Thumb Code   708  lcd.o(i.LCD_Scan_Dir)
    LCD_SetCursor                            0x08005821   Thumb Code   262  lcd.o(i.LCD_SetCursor)
    LCD_ShowChar                             0x0800592d   Thumb Code   340  lcd.o(i.LCD_ShowChar)
    LCD_ShowString                           0x08005a95   Thumb Code   102  lcd.o(i.LCD_ShowString)
    LCD_WR_DATA                              0x08005afd   Thumb Code     6  lcd.o(i.LCD_WR_DATA)
    LCD_WR_REG                               0x08005b09   Thumb Code     6  lcd.o(i.LCD_WR_REG)
    LCD_WriteRAM_Prepare                     0x08005b15   Thumb Code    10  lcd.o(i.LCD_WriteRAM_Prepare)
    LCD_WriteReg                             0x08005b29   Thumb Code    10  lcd.o(i.LCD_WriteReg)
    NVIC_Init                                0x08005b39   Thumb Code   100  misc.o(i.NVIC_Init)
    RCC_AHBPeriphClockCmd                    0x08005ba9   Thumb Code    26  stm32f10x_rcc.o(i.RCC_AHBPeriphClockCmd)
    RCC_APB1PeriphClockCmd                   0x08005bc9   Thumb Code    26  stm32f10x_rcc.o(i.RCC_APB1PeriphClockCmd)
    RCC_APB2PeriphClockCmd                   0x08005be9   Thumb Code    26  stm32f10x_rcc.o(i.RCC_APB2PeriphClockCmd)
    RCC_GetClocksFreq                        0x08005c09   Thumb Code   192  stm32f10x_rcc.o(i.RCC_GetClocksFreq)
    ReachOut                                 0x08005cdd   Thumb Code    82  function.o(i.ReachOut)
    Read_BH1750                              0x08005d41   Thumb Code    48  bh1750.o(i.Read_BH1750)
    SDA_IN                                   0x08005d75   Thumb Code    32  i2c.o(i.SDA_IN)
    SDA_OUT                                  0x08005d99   Thumb Code    32  i2c.o(i.SDA_OUT)
    Shrink                                   0x08005ea5   Thumb Code   104  function.o(i.Shrink)
    Start_BH1750                             0x08005f1d   Thumb Code    22  bh1750.o(i.Start_BH1750)
    SysTick_CLKSourceConfig                  0x08005f33   Thumb Code    40  misc.o(i.SysTick_CLKSourceConfig)
    SystemInit                               0x08005f5d   Thumb Code    78  system_stm32f10x.o(i.SystemInit)
    TIM3_IRQHandler                          0x08005fbd   Thumb Code   106  main_1.o(i.TIM3_IRQHandler)
    TIM_ClearITPendingBit                    0x08006065   Thumb Code     6  stm32f10x_tim.o(i.TIM_ClearITPendingBit)
    TIM_Cmd                                  0x0800606b   Thumb Code    24  stm32f10x_tim.o(i.TIM_Cmd)
    TIM_GetITStatus                          0x08006083   Thumb Code    34  stm32f10x_tim.o(i.TIM_GetITStatus)
    TIM_ITConfig                             0x080060a5   Thumb Code    18  stm32f10x_tim.o(i.TIM_ITConfig)
    TIM_OC3Init                              0x080060b9   Thumb Code   150  stm32f10x_tim.o(i.TIM_OC3Init)
    TIM_OC3PolarityConfig                    0x08006159   Thumb Code    26  stm32f10x_tim.o(i.TIM_OC3PolarityConfig)
    TIM_OC4Init                              0x08006175   Thumb Code   114  stm32f10x_tim.o(i.TIM_OC4Init)
    TIM_OC4PolarityConfig                    0x080061f1   Thumb Code    26  stm32f10x_tim.o(i.TIM_OC4PolarityConfig)
    TIM_TimeBaseInit                         0x0800620d   Thumb Code   122  stm32f10x_tim.o(i.TIM_TimeBaseInit)
    USART1_IRQHandler                        0x080062b1   Thumb Code   122  usart.o(i.USART1_IRQHandler)
    USART_Cmd                                0x08006339   Thumb Code    24  stm32f10x_usart.o(i.USART_Cmd)
    USART_GetITStatus                        0x08006351   Thumb Code    84  stm32f10x_usart.o(i.USART_GetITStatus)
    USART_ITConfig                           0x080063a5   Thumb Code    74  stm32f10x_usart.o(i.USART_ITConfig)
    USART_Init                               0x080063f1   Thumb Code   210  stm32f10x_usart.o(i.USART_Init)
    USART_ReceiveData                        0x080064c9   Thumb Code    10  stm32f10x_usart.o(i.USART_ReceiveData)
    __ARM_fpclassify                         0x080064d3   Thumb Code    40  fpclassify.o(i.__ARM_fpclassify)
    _is_digit                                0x080064fb   Thumb Code    14  __printf_wp.o(i._is_digit)
    _sys_exit                                0x08006509   Thumb Code     4  usart.o(i._sys_exit)
    delay_init                               0x0800650d   Thumb Code    50  delay.o(i.delay_init)
    delay_ms                                 0x08006551   Thumb Code    72  delay.o(i.delay_ms)
    delay_us                                 0x0800659d   Thumb Code    72  delay.o(i.delay_us)
    environment                              0x080065e9   Thumb Code   430  function.o(i.environment)
    fputc                                    0x0800688d   Thumb Code    24  usart.o(i.fputc)
    i2c_Port_Init                            0x080068a9   Thumb Code    52  i2c.o(i.i2c_Port_Init)
    main                                     0x080068e9   Thumb Code   380  main_1.o(i.main)
    tim2_init                                0x08006ac5   Thumb Code   134  tim.o(i.tim2_init)
    tim3_init                                0x08006b51   Thumb Code    96  tim.o(i.tim3_init)
    tim5_init                                0x08006bb5   Thumb Code   130  tim.o(i.tim5_init)
    uart_init                                0x08006c41   Thumb Code   152  usart.o(i.uart_init)
    _get_lc_numeric                          0x08006ce1   Thumb Code    44  lc_numeric_c.o(locale$$code)
    __aeabi_d2f                              0x08006d0d   Thumb Code     0  d2f.o(x$fpl$d2f)
    _d2f                                     0x08006d0d   Thumb Code    98  d2f.o(x$fpl$d2f)
    __aeabi_ddiv                             0x08006d71   Thumb Code     0  ddiv.o(x$fpl$ddiv)
    _ddiv                                    0x08006d71   Thumb Code   552  ddiv.o(x$fpl$ddiv)
    __fpl_dnaninf                            0x08007021   Thumb Code   156  dnaninf.o(x$fpl$dnaninf)
    __fpl_dretinf                            0x080070bd   Thumb Code    12  dretinf.o(x$fpl$dretinf)
    __aeabi_f2d                              0x080070c9   Thumb Code     0  f2d.o(x$fpl$f2d)
    _f2d                                     0x080070c9   Thumb Code    86  f2d.o(x$fpl$f2d)
    __fpl_fcmp_Inf                           0x0800711f   Thumb Code    24  fcmpi.o(x$fpl$fcmpinf)
    __aeabi_ui2f                             0x08007139   Thumb Code     0  fflt_clz.o(x$fpl$ffltu)
    _ffltu                                   0x08007139   Thumb Code    38  fflt_clz.o(x$fpl$ffltu)
    __aeabi_cfcmple                          0x08007161   Thumb Code     0  fleqf.o(x$fpl$fleqf)
    _fcmple                                  0x08007161   Thumb Code   104  fleqf.o(x$fpl$fleqf)
    __fpl_fcmple_InfNaN                      0x080071b3   Thumb Code     0  fleqf.o(x$fpl$fleqf)
    __fpl_fnaninf                            0x080071c9   Thumb Code   140  fnaninf.o(x$fpl$fnaninf)
    __fpl_fretinf                            0x08007255   Thumb Code    10  fretinf.o(x$fpl$fretinf)
    __aeabi_cfrcmple                         0x0800725f   Thumb Code     0  frleqf.o(x$fpl$frleqf)
    _frcmple                                 0x0800725f   Thumb Code    98  frleqf.o(x$fpl$frleqf)
    _printf_fp_dec                           0x080072c1   Thumb Code     4  printf1.o(x$fpl$printf1)
    __I$use$fp                               0x080072c4   Number         0  usenofp.o(x$fpl$usenofp)
    asc2_1206                                0x080072c4   Data        1140  lcd.o(.constdata)
    asc2_1608                                0x08007738   Data        1520  lcd.o(.constdata)
    Region$$Table$$Base                      0x08007dd0   Number         0  anon$$obj.o(Region$$Table)
    Region$$Table$$Limit                     0x08007df0   Number         0  anon$$obj.o(Region$$Table)
    rain                                     0x20000000   Data           1  main_1.o(.data)
    illumination                             0x20000004   Data           4  main_1.o(.data)
    illu                                     0x20000008   Data           1  main_1.o(.data)
    humidity                                 0x20000009   Data           1  main_1.o(.data)
    temperature                              0x2000000a   Data           1  main_1.o(.data)
    airer_state                              0x2000000b   Data           1  main_1.o(.data)
    state_flag                               0x2000000c   Data           1  main_1.o(.data)
    automatic_mode                           0x2000000d   Data           1  main_1.o(.data)
    automatic_time                           0x20000010   Data           4  main_1.o(.data)
    i                                        0x20000014   Data           4  function.o(.data)
    rain_storage                             0x20000018   Data           1  function.o(.data)
    illu_storage                             0x20000019   Data           1  function.o(.data)
    humidity_storage                         0x2000001a   Data           1  function.o(.data)
    temperature_storage                      0x2000001b   Data           1  function.o(.data)
    result_lx                                0x20000020   Data           4  bh1750.o(.data)
    BUF                                      0x20000024   Data           2  bh1750.o(.data)
    result                                   0x20000026   Data           2  bh1750.o(.data)
    POINT_COLOR                              0x2000002c   Data           2  lcd.o(.data)
    BACK_COLOR                               0x2000002e   Data           2  lcd.o(.data)
    __stdout                                 0x20000030   Data           4  usart.o(.data)
    USART_RX_STA                             0x20000034   Data           2  usart.o(.data)
    SystemCoreClock                          0x2000004c   Data           4  system_stm32f10x.o(.data)
    AHBPrescTable                            0x20000050   Data          16  system_stm32f10x.o(.data)
    Display                                  0x20000060   Data         100  main_1.o(.bss)
    lcddev                                   0x200000c4   Data          14  lcd.o(.bss)
    USART_RX_BUF                             0x200000d2   Data         200  usart.o(.bss)
    __libspace_start                         0x2000019c   Data          96  libspace.o(.bss)
    __temporary_stack_top$libspace           0x200001fc   Data           0  libspace.o(.bss)



==============================================================================

Memory Map of the image

  Image Entry point : 0x08000131

  Load Region LR_IROM1 (Base: 0x08000000, Size: 0x00007e6c, Max: 0x00080000, ABSOLUTE)

    Execution Region ER_IROM1 (Exec base: 0x08000000, Load base: 0x08000000, Size: 0x00007e0c, Max: 0x00080000, ABSOLUTE)

    Exec Addr    Load Addr    Size         Type   Attr      Idx    E Section Name        Object

    0x08000000   0x08000000   0x00000130   Data   RO         2073    RESET               startup_stm32f10x_hd.o
    0x08000130   0x08000130   0x00000008   Code   RO         2167  * !!!main             c_w.l(__main.o)
    0x08000138   0x08000138   0x00000034   Code   RO         2415    !!!scatter          c_w.l(__scatter.o)
    0x0800016c   0x0800016c   0x0000001a   Code   RO         2417    !!handler_copy      c_w.l(__scatter_copy.o)
    0x08000186   0x08000186   0x00000002   PAD
    0x08000188   0x08000188   0x0000001c   Code   RO         2419    !!handler_zi        c_w.l(__scatter_zi.o)
    0x080001a4   0x080001a4   0x00000000   Code   RO         2164    .ARM.Collect$$_printf_percent$$00000000  c_w.l(_printf_percent.o)
    0x080001a4   0x080001a4   0x00000006   Code   RO         2163    .ARM.Collect$$_printf_percent$$00000003  c_w.l(_printf_f.o)
    0x080001aa   0x080001aa   0x00000006   Code   RO         2162    .ARM.Collect$$_printf_percent$$00000009  c_w.l(_printf_d.o)
    0x080001b0   0x080001b0   0x00000004   Code   RO         2202    .ARM.Collect$$_printf_percent$$00000017  c_w.l(_printf_percent_end.o)
    0x080001b4   0x080001b4   0x00000002   Code   RO         2290    .ARM.Collect$$libinit$$00000000  c_w.l(libinit.o)
    0x080001b6   0x080001b6   0x00000000   Code   RO         2292    .ARM.Collect$$libinit$$00000002  c_w.l(libinit2.o)
    0x080001b6   0x080001b6   0x00000000   Code   RO         2294    .ARM.Collect$$libinit$$00000004  c_w.l(libinit2.o)
    0x080001b6   0x080001b6   0x00000000   Code   RO         2297    .ARM.Collect$$libinit$$0000000A  c_w.l(libinit2.o)
    0x080001b6   0x080001b6   0x00000000   Code   RO         2299    .ARM.Collect$$libinit$$0000000C  c_w.l(libinit2.o)
    0x080001b6   0x080001b6   0x00000000   Code   RO         2301    .ARM.Collect$$libinit$$0000000E  c_w.l(libinit2.o)
    0x080001b6   0x080001b6   0x00000006   Code   RO         2302    .ARM.Collect$$libinit$$0000000F  c_w.l(libinit2.o)
    0x080001bc   0x080001bc   0x00000000   Code   RO         2304    .ARM.Collect$$libinit$$00000011  c_w.l(libinit2.o)
    0x080001bc   0x080001bc   0x00000000   Code   RO         2306    .ARM.Collect$$libinit$$00000013  c_w.l(libinit2.o)
    0x080001bc   0x080001bc   0x00000000   Code   RO         2308    .ARM.Collect$$libinit$$00000015  c_w.l(libinit2.o)
    0x080001bc   0x080001bc   0x0000000a   Code   RO         2309    .ARM.Collect$$libinit$$00000016  c_w.l(libinit2.o)
    0x080001c6   0x080001c6   0x00000000   Code   RO         2310    .ARM.Collect$$libinit$$00000017  c_w.l(libinit2.o)
    0x080001c6   0x080001c6   0x00000000   Code   RO         2312    .ARM.Collect$$libinit$$00000019  c_w.l(libinit2.o)
    0x080001c6   0x080001c6   0x00000000   Code   RO         2314    .ARM.Collect$$libinit$$0000001B  c_w.l(libinit2.o)
    0x080001c6   0x080001c6   0x00000000   Code   RO         2316    .ARM.Collect$$libinit$$0000001D  c_w.l(libinit2.o)
    0x080001c6   0x080001c6   0x00000000   Code   RO         2318    .ARM.Collect$$libinit$$0000001F  c_w.l(libinit2.o)
    0x080001c6   0x080001c6   0x00000000   Code   RO         2320    .ARM.Collect$$libinit$$00000021  c_w.l(libinit2.o)
    0x080001c6   0x080001c6   0x00000000   Code   RO         2322    .ARM.Collect$$libinit$$00000023  c_w.l(libinit2.o)
    0x080001c6   0x080001c6   0x00000000   Code   RO         2324    .ARM.Collect$$libinit$$00000025  c_w.l(libinit2.o)
    0x080001c6   0x080001c6   0x00000000   Code   RO         2328    .ARM.Collect$$libinit$$0000002C  c_w.l(libinit2.o)
    0x080001c6   0x080001c6   0x00000000   Code   RO         2330    .ARM.Collect$$libinit$$0000002E  c_w.l(libinit2.o)
    0x080001c6   0x080001c6   0x00000000   Code   RO         2332    .ARM.Collect$$libinit$$00000030  c_w.l(libinit2.o)
    0x080001c6   0x080001c6   0x00000000   Code   RO         2334    .ARM.Collect$$libinit$$00000032  c_w.l(libinit2.o)
    0x080001c6   0x080001c6   0x00000002   Code   RO         2335    .ARM.Collect$$libinit$$00000033  c_w.l(libinit2.o)
    0x080001c8   0x080001c8   0x00000002   Code   RO         2363    .ARM.Collect$$libshutdown$$00000000  c_w.l(libshutdown.o)
    0x080001ca   0x080001ca   0x00000000   Code   RO         2372    .ARM.Collect$$libshutdown$$00000002  c_w.l(libshutdown2.o)
    0x080001ca   0x080001ca   0x00000000   Code   RO         2374    .ARM.Collect$$libshutdown$$00000004  c_w.l(libshutdown2.o)
    0x080001ca   0x080001ca   0x00000000   Code   RO         2376    .ARM.Collect$$libshutdown$$00000006  c_w.l(libshutdown2.o)
    0x080001ca   0x080001ca   0x00000000   Code   RO         2379    .ARM.Collect$$libshutdown$$00000009  c_w.l(libshutdown2.o)
    0x080001ca   0x080001ca   0x00000000   Code   RO         2382    .ARM.Collect$$libshutdown$$0000000C  c_w.l(libshutdown2.o)
    0x080001ca   0x080001ca   0x00000000   Code   RO         2384    .ARM.Collect$$libshutdown$$0000000E  c_w.l(libshutdown2.o)
    0x080001ca   0x080001ca   0x00000000   Code   RO         2387    .ARM.Collect$$libshutdown$$00000011  c_w.l(libshutdown2.o)
    0x080001ca   0x080001ca   0x00000002   Code   RO         2388    .ARM.Collect$$libshutdown$$00000012  c_w.l(libshutdown2.o)
    0x080001cc   0x080001cc   0x00000000   Code   RO         2191    .ARM.Collect$$rtentry$$00000000  c_w.l(__rtentry.o)
    0x080001cc   0x080001cc   0x00000000   Code   RO         2215    .ARM.Collect$$rtentry$$00000002  c_w.l(__rtentry2.o)
    0x080001cc   0x080001cc   0x00000006   Code   RO         2227    .ARM.Collect$$rtentry$$00000004  c_w.l(__rtentry4.o)
    0x080001d2   0x080001d2   0x00000000   Code   RO         2217    .ARM.Collect$$rtentry$$00000009  c_w.l(__rtentry2.o)
    0x080001d2   0x080001d2   0x00000004   Code   RO         2218    .ARM.Collect$$rtentry$$0000000A  c_w.l(__rtentry2.o)
    0x080001d6   0x080001d6   0x00000000   Code   RO         2220    .ARM.Collect$$rtentry$$0000000C  c_w.l(__rtentry2.o)
    0x080001d6   0x080001d6   0x00000008   Code   RO         2221    .ARM.Collect$$rtentry$$0000000D  c_w.l(__rtentry2.o)
    0x080001de   0x080001de   0x00000002   Code   RO         2336    .ARM.Collect$$rtexit$$00000000  c_w.l(rtexit.o)
    0x080001e0   0x080001e0   0x00000000   Code   RO         2343    .ARM.Collect$$rtexit$$00000002  c_w.l(rtexit2.o)
    0x080001e0   0x080001e0   0x00000004   Code   RO         2344    .ARM.Collect$$rtexit$$00000003  c_w.l(rtexit2.o)
    0x080001e4   0x080001e4   0x00000006   Code   RO         2345    .ARM.Collect$$rtexit$$00000004  c_w.l(rtexit2.o)
    0x080001ea   0x080001ea   0x00000002   PAD
    0x080001ec   0x080001ec   0x00000040   Code   RO         2074    .text               startup_stm32f10x_hd.o
    0x0800022c   0x0800022c   0x00000002   Code   RO         2126    .text               c_w.l(use_no_semi_2.o)
    0x0800022e   0x0800022e   0x00000002   PAD
    0x08000230   0x08000230   0x00000018   Code   RO         2132    .text               c_w.l(noretval__2printf.o)
    0x08000248   0x08000248   0x00000028   Code   RO         2134    .text               c_w.l(noretval__2sprintf.o)
    0x08000270   0x08000270   0x0000004e   Code   RO         2138    .text               c_w.l(_printf_pad.o)
    0x080002be   0x080002be   0x00000002   PAD
    0x080002c0   0x080002c0   0x00000078   Code   RO         2140    .text               c_w.l(_printf_dec.o)
    0x08000338   0x08000338   0x00000138   Code   RO         2154    .text               c_w.l(__printf_flags_wp.o)
    0x08000470   0x08000470   0x00000006   Code   RO         2165    .text               c_w.l(heapauxi.o)
    0x08000476   0x08000476   0x00000002   Code   RO         2189    .text               c_w.l(use_no_semi.o)
    0x08000478   0x08000478   0x000000b2   Code   RO         2192    .text               c_w.l(_printf_intcommon.o)
    0x0800052a   0x0800052a   0x0000041e   Code   RO         2194    .text               c_w.l(_printf_fp_dec.o)
    0x08000948   0x08000948   0x00000030   Code   RO         2196    .text               c_w.l(_printf_char_common.o)
    0x08000978   0x08000978   0x0000000a   Code   RO         2198    .text               c_w.l(_sputc.o)
    0x08000982   0x08000982   0x00000002   PAD
    0x08000984   0x08000984   0x00000024   Code   RO         2200    .text               c_w.l(_printf_char_file.o)
    0x080009a8   0x080009a8   0x00000008   Code   RO         2232    .text               c_w.l(rt_locale_intlibspace.o)
    0x080009b0   0x080009b0   0x0000008a   Code   RO         2234    .text               c_w.l(lludiv10.o)
    0x08000a3a   0x08000a3a   0x00000002   PAD
    0x08000a3c   0x08000a3c   0x00000080   Code   RO         2236    .text               c_w.l(_printf_fp_infnan.o)
    0x08000abc   0x08000abc   0x000000e4   Code   RO         2240    .text               c_w.l(bigflt0.o)
    0x08000ba0   0x08000ba0   0x00000008   Code   RO         2265    .text               c_w.l(ferror.o)
    0x08000ba8   0x08000ba8   0x00000008   Code   RO         2276    .text               c_w.l(libspace.o)
    0x08000bb0   0x08000bb0   0x0000004a   Code   RO         2279    .text               c_w.l(sys_stackheap_outer.o)
    0x08000bfa   0x08000bfa   0x00000012   Code   RO         2281    .text               c_w.l(exit.o)
    0x08000c0c   0x08000c0c   0x00000080   Code   RO         2283    .text               c_w.l(strcmpv7m.o)
    0x08000c8c   0x08000c8c   0x0000003e   Code   RO         2243    CL$$btod_d2e        c_w.l(btod.o)
    0x08000cca   0x08000cca   0x00000046   Code   RO         2245    CL$$btod_d2e_denorm_low  c_w.l(btod.o)
    0x08000d10   0x08000d10   0x00000060   Code   RO         2244    CL$$btod_d2e_norm_op1  c_w.l(btod.o)
    0x08000d70   0x08000d70   0x00000338   Code   RO         2253    CL$$btod_div_common  c_w.l(btod.o)
    0x080010a8   0x080010a8   0x000000dc   Code   RO         2250    CL$$btod_e2e        c_w.l(btod.o)
    0x08001184   0x08001184   0x0000002a   Code   RO         2247    CL$$btod_ediv       c_w.l(btod.o)
    0x080011ae   0x080011ae   0x0000002a   Code   RO         2246    CL$$btod_emul       c_w.l(btod.o)
    0x080011d8   0x080011d8   0x00000244   Code   RO         2252    CL$$btod_mult_common  c_w.l(btod.o)
    0x0800141c   0x0800141c   0x00000078   Code   RO          133    i.Airer_Reset       function.o
    0x08001494   0x08001494   0x00000034   Code   RO          192    i.Cmd_Write_BH1750  bh1750.o
    0x080014c8   0x080014c8   0x00000058   Code   RO          193    i.Convert_BH1750    bh1750.o
    0x08001520   0x08001520   0x00000064   Code   RO          684    i.DHT11_Check       dht11.o
    0x08001584   0x08001584   0x00000040   Code   RO          685    i.DHT11_Init        dht11.o
    0x080015c4   0x080015c4   0x0000004c   Code   RO          686    i.DHT11_Read_Bit    dht11.o
    0x08001610   0x08001610   0x0000001e   Code   RO          687    i.DHT11_Read_Byte   dht11.o
    0x0800162e   0x0800162e   0x00000058   Code   RO          688    i.DHT11_Read_Data   dht11.o
    0x08001686   0x08001686   0x00000002   PAD
    0x08001688   0x08001688   0x00000040   Code   RO          689    i.DHT11_Rst         dht11.o
    0x080016c8   0x080016c8   0x00000034   Code   RO          863    i.FSMC_NORSRAMCmd   stm32f10x_fsmc.o
    0x080016fc   0x080016fc   0x000000e6   Code   RO          865    i.FSMC_NORSRAMInit  stm32f10x_fsmc.o
    0x080017e2   0x080017e2   0x00000002   PAD
    0x080017e4   0x080017e4   0x00000090   Code   RO          281    i.GPIO_INIT         gpio.o
    0x08001874   0x08001874   0x00000116   Code   RO          990    i.GPIO_Init         stm32f10x_gpio.o
    0x0800198a   0x0800198a   0x00000012   Code   RO          994    i.GPIO_ReadInputDataBit  stm32f10x_gpio.o
    0x0800199c   0x0800199c   0x00000004   Code   RO          997    i.GPIO_ResetBits    stm32f10x_gpio.o
    0x080019a0   0x080019a0   0x00000004   Code   RO          998    i.GPIO_SetBits      stm32f10x_gpio.o
    0x080019a4   0x080019a4   0x00000038   Code   RO          570    i.I2C_Ack           i2c.o
    0x080019dc   0x080019dc   0x00000038   Code   RO          571    i.I2C_NAck          i2c.o
    0x08001a14   0x08001a14   0x00000058   Code   RO          572    i.I2C_Read_Byte     i2c.o
    0x08001a6c   0x08001a6c   0x00000050   Code   RO          573    i.I2C_Send_Byte     i2c.o
    0x08001abc   0x08001abc   0x00000038   Code   RO          574    i.I2C_Start         i2c.o
    0x08001af4   0x08001af4   0x00000034   Code   RO          575    i.I2C_Stop          i2c.o
    0x08001b28   0x08001b28   0x0000004c   Code   RO          576    i.I2C_Wait_Ack      i2c.o
    0x08001b74   0x08001b74   0x00000008   Code   RO          194    i.Init_BH1750       bh1750.o
    0x08001b7c   0x08001b7c   0x00000084   Code   RO          134    i.KEY_Scan          function.o
    0x08001c00   0x08001c00   0x0000006c   Code   RO          307    i.LCD_Clear         lcd.o
    0x08001c6c   0x08001c6c   0x000001a8   Code   RO          311    i.LCD_Display_Dir   lcd.o
    0x08001e14   0x08001e14   0x00000024   Code   RO          313    i.LCD_DrawPoint     lcd.o
    0x08001e38   0x08001e38   0x000036fc   Code   RO          317    i.LCD_Init          lcd.o
    0x08005534   0x08005534   0x0000000c   Code   RO          319    i.LCD_RD_DATA       lcd.o
    0x08005540   0x08005540   0x00000016   Code   RO          321    i.LCD_ReadReg       lcd.o
    0x08005556   0x08005556   0x00000002   PAD
    0x08005558   0x08005558   0x000002c8   Code   RO          322    i.LCD_Scan_Dir      lcd.o
    0x08005820   0x08005820   0x0000010c   Code   RO          323    i.LCD_SetCursor     lcd.o
    0x0800592c   0x0800592c   0x00000168   Code   RO          325    i.LCD_ShowChar      lcd.o
    0x08005a94   0x08005a94   0x00000066   Code   RO          327    i.LCD_ShowString    lcd.o
    0x08005afa   0x08005afa   0x00000002   PAD
    0x08005afc   0x08005afc   0x0000000c   Code   RO          329    i.LCD_WR_DATA       lcd.o
    0x08005b08   0x08005b08   0x0000000c   Code   RO          330    i.LCD_WR_REG        lcd.o
    0x08005b14   0x08005b14   0x00000014   Code   RO          332    i.LCD_WriteRAM_Prepare  lcd.o
    0x08005b28   0x08005b28   0x00000010   Code   RO          333    i.LCD_WriteReg      lcd.o
    0x08005b38   0x08005b38   0x00000070   Code   RO          738    i.NVIC_Init         misc.o
    0x08005ba8   0x08005ba8   0x00000020   Code   RO         1111    i.RCC_AHBPeriphClockCmd  stm32f10x_rcc.o
    0x08005bc8   0x08005bc8   0x00000020   Code   RO         1112    i.RCC_APB1PeriphClockCmd  stm32f10x_rcc.o
    0x08005be8   0x08005be8   0x00000020   Code   RO         1114    i.RCC_APB2PeriphClockCmd  stm32f10x_rcc.o
    0x08005c08   0x08005c08   0x000000d4   Code   RO         1122    i.RCC_GetClocksFreq  stm32f10x_rcc.o
    0x08005cdc   0x08005cdc   0x00000064   Code   RO          135    i.ReachOut          function.o
    0x08005d40   0x08005d40   0x00000034   Code   RO          195    i.Read_BH1750       bh1750.o
    0x08005d74   0x08005d74   0x00000024   Code   RO          577    i.SDA_IN            i2c.o
    0x08005d98   0x08005d98   0x00000024   Code   RO          578    i.SDA_OUT           i2c.o
    0x08005dbc   0x08005dbc   0x00000008   Code   RO         2081    i.SetSysClock       system_stm32f10x.o
    0x08005dc4   0x08005dc4   0x000000e0   Code   RO         2082    i.SetSysClockTo72   system_stm32f10x.o
    0x08005ea4   0x08005ea4   0x00000078   Code   RO          136    i.Shrink            function.o
    0x08005f1c   0x08005f1c   0x00000016   Code   RO          196    i.Start_BH1750      bh1750.o
    0x08005f32   0x08005f32   0x00000028   Code   RO          742    i.SysTick_CLKSourceConfig  misc.o
    0x08005f5a   0x08005f5a   0x00000002   PAD
    0x08005f5c   0x08005f5c   0x00000060   Code   RO         2084    i.SystemInit        system_stm32f10x.o
    0x08005fbc   0x08005fbc   0x000000a8   Code   RO            4    i.TIM3_IRQHandler   main_1.o
    0x08006064   0x08006064   0x00000006   Code   RO         1333    i.TIM_ClearITPendingBit  stm32f10x_tim.o
    0x0800606a   0x0800606a   0x00000018   Code   RO         1338    i.TIM_Cmd           stm32f10x_tim.o
    0x08006082   0x08006082   0x00000022   Code   RO         1359    i.TIM_GetITStatus   stm32f10x_tim.o
    0x080060a4   0x080060a4   0x00000012   Code   RO         1363    i.TIM_ITConfig      stm32f10x_tim.o
    0x080060b6   0x080060b6   0x00000002   PAD
    0x080060b8   0x080060b8   0x000000a0   Code   RO         1377    i.TIM_OC3Init       stm32f10x_tim.o
    0x08006158   0x08006158   0x0000001a   Code   RO         1379    i.TIM_OC3PolarityConfig  stm32f10x_tim.o
    0x08006172   0x08006172   0x00000002   PAD
    0x08006174   0x08006174   0x0000007c   Code   RO         1382    i.TIM_OC4Init       stm32f10x_tim.o
    0x080061f0   0x080061f0   0x0000001a   Code   RO         1383    i.TIM_OC4PolarityConfig  stm32f10x_tim.o
    0x0800620a   0x0800620a   0x00000002   PAD
    0x0800620c   0x0800620c   0x000000a4   Code   RO         1409    i.TIM_TimeBaseInit  stm32f10x_tim.o
    0x080062b0   0x080062b0   0x00000088   Code   RO          517    i.USART1_IRQHandler  usart.o
    0x08006338   0x08006338   0x00000018   Code   RO         1886    i.USART_Cmd         stm32f10x_usart.o
    0x08006350   0x08006350   0x00000054   Code   RO         1890    i.USART_GetITStatus  stm32f10x_usart.o
    0x080063a4   0x080063a4   0x0000004a   Code   RO         1892    i.USART_ITConfig    stm32f10x_usart.o
    0x080063ee   0x080063ee   0x00000002   PAD
    0x080063f0   0x080063f0   0x000000d8   Code   RO         1893    i.USART_Init        stm32f10x_usart.o
    0x080064c8   0x080064c8   0x0000000a   Code   RO         1900    i.USART_ReceiveData  stm32f10x_usart.o
    0x080064d2   0x080064d2   0x00000028   Code   RO         2274    i.__ARM_fpclassify  m_ws.l(fpclassify.o)
    0x080064fa   0x080064fa   0x0000000e   Code   RO         2152    i._is_digit         c_w.l(__printf_wp.o)
    0x08006508   0x08006508   0x00000004   Code   RO          518    i._sys_exit         usart.o
    0x0800650c   0x0800650c   0x00000044   Code   RO          243    i.delay_init        delay.o
    0x08006550   0x08006550   0x0000004c   Code   RO          244    i.delay_ms          delay.o
    0x0800659c   0x0800659c   0x0000004c   Code   RO          245    i.delay_us          delay.o
    0x080065e8   0x080065e8   0x000002a4   Code   RO          137    i.environment       function.o
    0x0800688c   0x0800688c   0x0000001c   Code   RO          519    i.fputc             usart.o
    0x080068a8   0x080068a8   0x00000040   Code   RO          579    i.i2c_Port_Init     i2c.o
    0x080068e8   0x080068e8   0x000001dc   Code   RO            5    i.main              main_1.o
    0x08006ac4   0x08006ac4   0x0000008c   Code   RO          648    i.tim2_init         tim.o
    0x08006b50   0x08006b50   0x00000064   Code   RO          649    i.tim3_init         tim.o
    0x08006bb4   0x08006bb4   0x0000008c   Code   RO          650    i.tim5_init         tim.o
    0x08006c40   0x08006c40   0x000000a0   Code   RO          520    i.uart_init         usart.o
    0x08006ce0   0x08006ce0   0x0000002c   Code   RO         2270    locale$$code        c_w.l(lc_numeric_c.o)
    0x08006d0c   0x08006d0c   0x00000062   Code   RO         2169    x$fpl$d2f           fz_ws.l(d2f.o)
    0x08006d6e   0x08006d6e   0x00000002   PAD
    0x08006d70   0x08006d70   0x000002b0   Code   RO         2172    x$fpl$ddiv          fz_ws.l(ddiv.o)
    0x08007020   0x08007020   0x0000009c   Code   RO         2203    x$fpl$dnaninf       fz_ws.l(dnaninf.o)
    0x080070bc   0x080070bc   0x0000000c   Code   RO         2205    x$fpl$dretinf       fz_ws.l(dretinf.o)
    0x080070c8   0x080070c8   0x00000056   Code   RO         2175    x$fpl$f2d           fz_ws.l(f2d.o)
    0x0800711e   0x0800711e   0x00000018   Code   RO         2207    x$fpl$fcmpinf       fz_ws.l(fcmpi.o)
    0x08007136   0x08007136   0x00000002   PAD
    0x08007138   0x08007138   0x00000026   Code   RO         2177    x$fpl$ffltu         fz_ws.l(fflt_clz.o)
    0x0800715e   0x0800715e   0x00000002   PAD
    0x08007160   0x08007160   0x00000068   Code   RO         2183    x$fpl$fleqf         fz_ws.l(fleqf.o)
    0x080071c8   0x080071c8   0x0000008c   Code   RO         2209    x$fpl$fnaninf       fz_ws.l(fnaninf.o)
    0x08007254   0x08007254   0x0000000a   Code   RO         2211    x$fpl$fretinf       fz_ws.l(fretinf.o)
    0x0800725e   0x0800725e   0x00000062   Code   RO         2185    x$fpl$frleqf        fz_ws.l(frleqf.o)
    0x080072c0   0x080072c0   0x00000004   Code   RO         2187    x$fpl$printf1       fz_ws.l(printf1.o)
    0x080072c4   0x080072c4   0x00000000   Code   RO         2213    x$fpl$usenofp       fz_ws.l(usenofp.o)
    0x080072c4   0x080072c4   0x00000a64   Data   RO          336    .constdata          lcd.o
    0x08007d28   0x08007d28   0x00000011   Data   RO         2155    .constdata          c_w.l(__printf_flags_wp.o)
    0x08007d39   0x08007d39   0x00000003   PAD
    0x08007d3c   0x08007d3c   0x00000094   Data   RO         2241    .constdata          c_w.l(bigflt0.o)
    0x08007dd0   0x08007dd0   0x00000020   Data   RO         2413    Region$$Table       anon$$obj.o
    0x08007df0   0x08007df0   0x0000001c   Data   RO         2269    locale$$data        c_w.l(lc_numeric_c.o)


    Execution Region RW_IRAM1 (Exec base: 0x20000000, Load base: 0x08007e0c, Size: 0x00000800, Max: 0x00010000, ABSOLUTE)

    Exec Addr    Load Addr    Size         Type   Attr      Idx    E Section Name        Object

    0x20000000   0x08007e0c   0x00000014   Data   RW            7    .data               main_1.o
    0x20000014   0x08007e20   0x00000009   Data   RW          138    .data               function.o
    0x2000001d   0x08007e29   0x00000003   PAD
    0x20000020   0x08007e2c   0x00000008   Data   RW          197    .data               bh1750.o
    0x20000028   0x08007e34   0x00000004   Data   RW          246    .data               delay.o
    0x2000002c   0x08007e38   0x00000004   Data   RW          337    .data               lcd.o
    0x20000030   0x08007e3c   0x00000006   Data   RW          522    .data               usart.o
    0x20000036   0x08007e42   0x00000014   Data   RW         1142    .data               stm32f10x_rcc.o
    0x2000004a   0x08007e56   0x00000002   PAD
    0x2000004c   0x08007e58   0x00000014   Data   RW         2085    .data               system_stm32f10x.o
    0x20000060        -       0x00000064   Zero   RW            6    .bss                main_1.o
    0x200000c4        -       0x0000000e   Zero   RW          335    .bss                lcd.o
    0x200000d2        -       0x000000c8   Zero   RW          521    .bss                usart.o
    0x2000019a   0x08007e6c   0x00000002   PAD
    0x2000019c        -       0x00000060   Zero   RW         2277    .bss                c_w.l(libspace.o)
    0x200001fc   0x08007e6c   0x00000004   PAD
    0x20000200        -       0x00000200   Zero   RW         2072    HEAP                startup_stm32f10x_hd.o
    0x20000400        -       0x00000400   Zero   RW         2071    STACK               startup_stm32f10x_hd.o


==============================================================================

Image component sizes


      Code (inc. data)   RO Data    RW Data    ZI Data      Debug   Object Name

       222         22          0          8          0       3286   bh1750.o
       220         26          0          4          0       1767   delay.o
       422         32          0          0          0       3976   dht11.o
      1148        304          0          9          0       3338   function.o
       144         12          0          0          0        548   gpio.o
       600         78          0          0          0       5234   i2c.o
     16180        162       2660          4         14      20485   lcd.o
       644        158          0         20        100     264304   main_1.o
       152         12          0          0          0       1950   misc.o
        64         26        304          0       1536        840   startup_stm32f10x_hd.o
       282          6          0          0          0       2221   stm32f10x_fsmc.o
       304          0          0          0          0       4212   stm32f10x_gpio.o
       308         38          0         20          0       5554   stm32f10x_rcc.o
       582         62          0          0          0       7062   stm32f10x_tim.o
       408          6          0          0          0       5630   stm32f10x_usart.o
       328         28          0         20          0       2645   system_stm32f10x.o
       380         20          0          0          0       1968   tim.o
       328         26          0          6        200       4304   usart.o

    ----------------------------------------------------------------------
     22734       1018       2996         96       1852     339324   Object Totals
         0          0         32          0          0          0   (incl. Generated)
        18          0          0          5          2          0   (incl. Padding)

    ----------------------------------------------------------------------

      Code (inc. data)   RO Data    RW Data    ZI Data      Debug   Library Member Name

         8          0          0          0          0         68   __main.o
       312          4         17          0          0         92   __printf_flags_wp.o
        14          0          0          0          0         68   __printf_wp.o
         0          0          0          0          0          0   __rtentry.o
        12          0          0          0          0          0   __rtentry2.o
         6          0          0          0          0          0   __rtentry4.o
        52          8          0          0          0          0   __scatter.o
        26          0          0          0          0          0   __scatter_copy.o
        28          0          0          0          0          0   __scatter_zi.o
        48          6          0          0          0         96   _printf_char_common.o
        36          4          0          0          0         80   _printf_char_file.o
         6          0          0          0          0          0   _printf_d.o
       120         16          0          0          0         92   _printf_dec.o
         6          0          0          0          0          0   _printf_f.o
      1054          0          0          0          0        216   _printf_fp_dec.o
       128         16          0          0          0         84   _printf_fp_infnan.o
       178          0          0          0          0         88   _printf_intcommon.o
        78          0          0          0          0        108   _printf_pad.o
         0          0          0          0          0          0   _printf_percent.o
         4          0          0          0          0          0   _printf_percent_end.o
        10          0          0          0          0         68   _sputc.o
       228          4        148          0          0         96   bigflt0.o
      1936        128          0          0          0        672   btod.o
        18          0          0          0          0         80   exit.o
         8          0          0          0          0         68   ferror.o
         6          0          0          0          0        152   heapauxi.o
        44         10         28          0          0         76   lc_numeric_c.o
         2          0          0          0          0          0   libinit.o
        18          0          0          0          0          0   libinit2.o
         2          0          0          0          0          0   libshutdown.o
         2          0          0          0          0          0   libshutdown2.o
         8          4          0          0         96         68   libspace.o
       138          0          0          0          0         80   lludiv10.o
        24          4          0          0          0         84   noretval__2printf.o
        40          6          0          0          0         84   noretval__2sprintf.o
         8          4          0          0          0         68   rt_locale_intlibspace.o
         2          0          0          0          0          0   rtexit.o
        10          0          0          0          0          0   rtexit2.o
       128          0          0          0          0         68   strcmpv7m.o
        74          0          0          0          0         80   sys_stackheap_outer.o
         2          0          0          0          0         68   use_no_semi.o
         2          0          0          0          0         68   use_no_semi_2.o
        98          4          0          0          0         92   d2f.o
       688        140          0          0          0        208   ddiv.o
       156          4          0          0          0         92   dnaninf.o
        12          0          0          0          0         68   dretinf.o
        86          4          0          0          0         84   f2d.o
        24          0          0          0          0         68   fcmpi.o
        38          0          0          0          0         68   fflt_clz.o
       104          4          0          0          0         84   fleqf.o
       140          4          0          0          0         84   fnaninf.o
        10          0          0          0          0         68   fretinf.o
        98          0          0          0          0         68   frleqf.o
         4          0          0          0          0         68   printf1.o
         0          0          0          0          0          0   usenofp.o
        40          0          0          0          0         68   fpclassify.o

    ----------------------------------------------------------------------
      6342        374        196          0        100       3992   Library Totals
        18          0          3          0          4          0   (incl. Padding)

    ----------------------------------------------------------------------

      Code (inc. data)   RO Data    RW Data    ZI Data      Debug   Library Name

      4826        214        193          0         96       2872   c_w.l
      1458        160          0          0          0       1052   fz_ws.l
        40          0          0          0          0         68   m_ws.l

    ----------------------------------------------------------------------
      6342        374        196          0        100       3992   Library Totals

    ----------------------------------------------------------------------

==============================================================================


      Code (inc. data)   RO Data    RW Data    ZI Data      Debug   

     29076       1392       3192         96       1952     337020   Grand Totals
     29076       1392       3192         96       1952     337020   ELF Image Totals
     29076       1392       3192         96          0          0   ROM Totals

==============================================================================

    Total RO  Size (Code + RO Data)                32268 (  31.51kB)
    Total RW  Size (RW Data + ZI Data)              2048 (   2.00kB)
    Total ROM Size (Code + RO Data + RW Data)      32364 (  31.61kB)

==============================================================================

